Archive member included to satisfy reference by file (symbol)

C:/ST/STM32CubeIDE_1.16.0/STM32CubeIDE/plugins/com.st.stm32cube.ide.mcu.externaltools.gnu-tools-for-stm32.12.3.rel1.win32_1.0.200.202406191623/tools/bin/../lib/gcc/arm-none-eabi/12.3.1/../../../../arm-none-eabi/lib/thumb/v7-m/nofp\libc_nano.a(libc_a-atoi.o)
                              ./Core/Src/main.o (atoi)
C:/ST/STM32CubeIDE_1.16.0/STM32CubeIDE/plugins/com.st.stm32cube.ide.mcu.externaltools.gnu-tools-for-stm32.12.3.rel1.win32_1.0.200.202406191623/tools/bin/../lib/gcc/arm-none-eabi/12.3.1/../../../../arm-none-eabi/lib/thumb/v7-m/nofp\libc_nano.a(libc_a-exit.o)
                              C:/ST/STM32CubeIDE_1.16.0/STM32CubeIDE/plugins/com.st.stm32cube.ide.mcu.externaltools.gnu-tools-for-stm32.12.3.rel1.win32_1.0.200.202406191623/tools/bin/../lib/gcc/arm-none-eabi/12.3.1/../../../../arm-none-eabi/lib/thumb/v7-m/nofp/crt0.o (exit)
C:/ST/STM32CubeIDE_1.16.0/STM32CubeIDE/plugins/com.st.stm32cube.ide.mcu.externaltools.gnu-tools-for-stm32.12.3.rel1.win32_1.0.200.202406191623/tools/bin/../lib/gcc/arm-none-eabi/12.3.1/../../../../arm-none-eabi/lib/thumb/v7-m/nofp\libc_nano.a(libc_a-strtol.o)
                              C:/ST/STM32CubeIDE_1.16.0/STM32CubeIDE/plugins/com.st.stm32cube.ide.mcu.externaltools.gnu-tools-for-stm32.12.3.rel1.win32_1.0.200.202406191623/tools/bin/../lib/gcc/arm-none-eabi/12.3.1/../../../../arm-none-eabi/lib/thumb/v7-m/nofp\libc_nano.a(libc_a-atoi.o) (_strtol_r)
C:/ST/STM32CubeIDE_1.16.0/STM32CubeIDE/plugins/com.st.stm32cube.ide.mcu.externaltools.gnu-tools-for-stm32.12.3.rel1.win32_1.0.200.202406191623/tools/bin/../lib/gcc/arm-none-eabi/12.3.1/../../../../arm-none-eabi/lib/thumb/v7-m/nofp\libc_nano.a(libc_a-ctype_.o)
                              C:/ST/STM32CubeIDE_1.16.0/STM32CubeIDE/plugins/com.st.stm32cube.ide.mcu.externaltools.gnu-tools-for-stm32.12.3.rel1.win32_1.0.200.202406191623/tools/bin/../lib/gcc/arm-none-eabi/12.3.1/../../../../arm-none-eabi/lib/thumb/v7-m/nofp\libc_nano.a(libc_a-strtol.o) (_ctype_)
C:/ST/STM32CubeIDE_1.16.0/STM32CubeIDE/plugins/com.st.stm32cube.ide.mcu.externaltools.gnu-tools-for-stm32.12.3.rel1.win32_1.0.200.202406191623/tools/bin/../lib/gcc/arm-none-eabi/12.3.1/../../../../arm-none-eabi/lib/thumb/v7-m/nofp\libc_nano.a(libc_a-findfp.o)
                              C:/ST/STM32CubeIDE_1.16.0/STM32CubeIDE/plugins/com.st.stm32cube.ide.mcu.externaltools.gnu-tools-for-stm32.12.3.rel1.win32_1.0.200.202406191623/tools/bin/../lib/gcc/arm-none-eabi/12.3.1/../../../../arm-none-eabi/lib/thumb/v7-m/nofp\libc_nano.a(libc_a-exit.o) (__stdio_exit_handler)
C:/ST/STM32CubeIDE_1.16.0/STM32CubeIDE/plugins/com.st.stm32cube.ide.mcu.externaltools.gnu-tools-for-stm32.12.3.rel1.win32_1.0.200.202406191623/tools/bin/../lib/gcc/arm-none-eabi/12.3.1/../../../../arm-none-eabi/lib/thumb/v7-m/nofp\libc_nano.a(libc_a-fwalk.o)
                              C:/ST/STM32CubeIDE_1.16.0/STM32CubeIDE/plugins/com.st.stm32cube.ide.mcu.externaltools.gnu-tools-for-stm32.12.3.rel1.win32_1.0.200.202406191623/tools/bin/../lib/gcc/arm-none-eabi/12.3.1/../../../../arm-none-eabi/lib/thumb/v7-m/nofp\libc_nano.a(libc_a-findfp.o) (_fwalk_sglue)
C:/ST/STM32CubeIDE_1.16.0/STM32CubeIDE/plugins/com.st.stm32cube.ide.mcu.externaltools.gnu-tools-for-stm32.12.3.rel1.win32_1.0.200.202406191623/tools/bin/../lib/gcc/arm-none-eabi/12.3.1/../../../../arm-none-eabi/lib/thumb/v7-m/nofp\libc_nano.a(libc_a-sprintf.o)
                              ./Core/Src/main.o (sprintf)
C:/ST/STM32CubeIDE_1.16.0/STM32CubeIDE/plugins/com.st.stm32cube.ide.mcu.externaltools.gnu-tools-for-stm32.12.3.rel1.win32_1.0.200.202406191623/tools/bin/../lib/gcc/arm-none-eabi/12.3.1/../../../../arm-none-eabi/lib/thumb/v7-m/nofp\libc_nano.a(libc_a-stdio.o)
                              C:/ST/STM32CubeIDE_1.16.0/STM32CubeIDE/plugins/com.st.stm32cube.ide.mcu.externaltools.gnu-tools-for-stm32.12.3.rel1.win32_1.0.200.202406191623/tools/bin/../lib/gcc/arm-none-eabi/12.3.1/../../../../arm-none-eabi/lib/thumb/v7-m/nofp\libc_nano.a(libc_a-findfp.o) (__sread)
C:/ST/STM32CubeIDE_1.16.0/STM32CubeIDE/plugins/com.st.stm32cube.ide.mcu.externaltools.gnu-tools-for-stm32.12.3.rel1.win32_1.0.200.202406191623/tools/bin/../lib/gcc/arm-none-eabi/12.3.1/../../../../arm-none-eabi/lib/thumb/v7-m/nofp\libc_nano.a(libc_a-memset.o)
                              C:/ST/STM32CubeIDE_1.16.0/STM32CubeIDE/plugins/com.st.stm32cube.ide.mcu.externaltools.gnu-tools-for-stm32.12.3.rel1.win32_1.0.200.202406191623/tools/bin/../lib/gcc/arm-none-eabi/12.3.1/../../../../arm-none-eabi/lib/thumb/v7-m/nofp/crt0.o (memset)
C:/ST/STM32CubeIDE_1.16.0/STM32CubeIDE/plugins/com.st.stm32cube.ide.mcu.externaltools.gnu-tools-for-stm32.12.3.rel1.win32_1.0.200.202406191623/tools/bin/../lib/gcc/arm-none-eabi/12.3.1/../../../../arm-none-eabi/lib/thumb/v7-m/nofp\libc_nano.a(libc_a-closer.o)
[...]
Memory Configuration

Name             Origin             Length             Attributes
RAM              0x20000000         0x00005000         xrw
FLASH            0x08000000         0x00020000         xr
*default*        0x00000000         0xffffffff

Linker script and memory map

LOAD C:/ST/STM32CubeIDE_1.16.0/STM32CubeIDE/plugins/com.st.stm32cube.ide.mcu.externaltools.gnu-tools-for-stm32.12.3.rel1.win32_1.0.200.202406191623/tools/bin/../lib/gcc/arm-none-eabi/12.3.1/thumb/v7-m/nofp/crti.o
LOAD C:/ST/STM32CubeIDE_1.16.0/STM32CubeIDE/plugins/com.st.stm32cube.ide.mcu.externaltools.gnu-tools-for-stm32.12.3.rel1.win32_1.0.200.202406191623/tools/bin/../lib/gcc/arm-none-eabi/12.3.1/thumb/v7-m/nofp/crtbegin.o
LOAD C:/ST/STM32CubeIDE_1.16.0/STM32CubeIDE/plugins/com.st.stm32cube.ide.mcu.externaltools.gnu-tools-for-stm32.12.3.rel1.win32_1.0.200.202406191623/tools/bin/../lib/gcc/arm-none-eabi/12.3.1/../../../../arm-none-eabi/lib/thumb/v7-m/nofp/crt0.o
LOAD ./Core/Src/freertos.o
LOAD ./Core/Src/main.o
LOAD ./Core/Src/stm32f1xx_hal_msp.o
LOAD ./Core/Src/stm32f1xx_hal_timebase_tim.o
LOAD ./Core/Src/stm32f1xx_it.o
LOAD ./Core/Src/syscalls.o
LOAD ./Core/Src/sysmem.o
LOAD ./Core/Src/system_stm32f1xx.o
LOAD ./Core/Startup/startup_stm32f103rbtx.o
LOAD ./Drivers/STM32F1xx_HAL_Driver/Src/stm32f1xx_hal.o
LOAD ./Drivers/STM32F1xx_HAL_Driver/Src/stm32f1xx_hal_cortex.o
LOAD ./Drivers/STM32F1xx_HAL_Driver/Src/stm32f1xx_hal_dma.o
LOAD ./Drivers/STM32F1xx_HAL_Driver/Src/stm32f1xx_hal_exti.o
LOAD ./Drivers/STM32F1xx_HAL_Driver/Src/stm32f1xx_hal_flash.o
LOAD ./Drivers/STM32F1xx_HAL_Driver/Src/stm32f1xx_hal_flash_ex.o
LOAD ./Drivers/STM32F1xx_HAL_Driver/Src/stm32f1xx_hal_gpio.o
LOAD ./Drivers/STM32F1xx_HAL_Driver/Src/stm32f1xx_hal_gpio_ex.o
LOAD ./Drivers/STM32F1xx_HAL_Driver/Src/stm32f1xx_hal_pwr.o
LOAD ./Drivers/STM32F1xx_HAL_Driver/Src/stm32f1xx_hal_rcc.o
LOAD ./Drivers/STM32F1xx_HAL_Driver/Src/stm32f1xx_hal_rcc_ex.o
LOAD ./Drivers/STM32F1xx_HAL_Driver/Src/stm32f1xx_hal_tim.o
LOAD ./Drivers/STM32F1xx_HAL_Driver/Src/stm32f1xx_hal_tim_ex.o
LOAD ./Drivers/STM32F1xx_HAL_Driver/Src/stm32f1xx_hal_uart.o
LOAD ./Middlewares/Third_Party/FreeRTOS/Source/CMSIS_RTOS/cmsis_os.o
LOAD ./Middlewares/Third_Party/FreeRTOS/Source/croutine.o
LOAD ./Middlewares/Third_Party/FreeRTOS/Source/event_groups.o
LOAD ./Middlewares/Third_Party/FreeRTOS/Source/list.o
LOAD ./Middlewares/Third_Party/FreeRTOS/Source/queue.o
LOAD ./Middlewares/Third_Party/FreeRTOS/Source/stream_buffer.o
LOAD ./Middlewares/Third_Party/FreeRTOS/Source/tasks.o
LOAD ./Middlewares/Third_Party/FreeRTOS/Source/timers.o
LOAD ./Middlewares/Third_Party/FreeRTOS/Source/portable/GCC/ARM_CM3/port.o
LOAD ./Middlewares/Third_Party/FreeRTOS/Source/portable/MemMang/heap_4.o
START GROUP
LOAD C:/ST/STM32CubeIDE_1.16.0/STM32CubeIDE/plugins/com.st.stm32cube.ide.mcu.externaltools.gnu-tools-for-stm32.12.3.rel1.win32_1.0.200.202406191623/tools/bin/../lib/gcc/arm-none-eabi/12.3.1/../../../../arm-none-eabi/lib/thumb/v7-m/nofp\libc_nano.a
LOAD C:/ST/STM32CubeIDE_1.16.0/STM32CubeIDE/plugins/com.st.stm32cube.ide.mcu.externaltools.gnu-tools-for-stm32.12.3.rel1.win32_1.0.200.202406191623/tools/bin/../lib/gcc/arm-none-eabi/12.3.1/../../../../arm-none-eabi/lib/thumb/v7-m/nofp\libm.a
END GROUP
START GROUP
LOAD C:/ST/STM32CubeIDE_1.16.0/STM32CubeIDE/plugins/com.st.stm32cube.ide.mcu.externaltools.gnu-tools-for-stm32.12.3.rel1.win32_1.0.200.202406191623/tools/bin/../lib/gcc/arm-none-eabi/12.3.1/thumb/v7-m/nofp\libgcc.a
LOAD C:/ST/STM32CubeIDE_1.16.0/STM32CubeIDE/plugins/com.st.stm32cube.ide.mcu.externaltools.gnu-tools-for-stm32.12.3.rel1.win32_1.0.200.202406191623/tools/bin/../lib/gcc/arm-none-eabi/12.3.1/../../../../arm-none-eabi/lib/thumb/v7-m/nofp\libc_nano.a
END GROUP
START GROUP
LOAD C:/ST/STM32CubeIDE_1.16.0/STM32CubeIDE/plugins/com.st.stm32cube.ide.mcu.externaltools.gnu-tools-for-stm32.12.3.rel1.win32_1.0.200.202406191623/tools/bin/../lib/gcc/arm-none-eabi/12.3.1/thumb/v7-m/nofp\libgcc.a
LOAD C:/ST/STM32CubeIDE_1.16.0/STM32CubeIDE/plugins/com.st.stm32cube.ide.mcu.externaltools.gnu-tools-for-stm32.12.3.rel1.win32_1.0.200.202406191623/tools/bin/../lib/gcc/arm-none-eabi/12.3.1/../../../../arm-none-eabi/lib/thumb/v7-m/nofp\libc_nano.a
LOAD C:/ST/STM32CubeIDE_1.16.0/STM32CubeIDE/plugins/com.st.stm32cube.ide.mcu.externaltools.gnu-tools-for-stm32.12.3.rel1.win32_1.0.200.202406191623/tools/bin/../lib/gcc/arm-none-eabi/12.3.1/../../../../arm-none-eabi/lib/thumb/v7-m/nofp\libnosys.a
END GROUP
START GROUP
LOAD C:/ST/STM32CubeIDE_1.16.0/STM32CubeIDE/plugins/com.st.stm32cube.ide.mcu.externaltools.gnu-tools-for-stm32.12.3.rel1.win32_1.0.200.202406191623/tools/bin/../lib/gcc/arm-none-eabi/12.3.1/thumb/v7-m/nofp\libgcc.a
LOAD C:/ST/STM32CubeIDE_1.16.0/STM32CubeIDE/plugins/com.st.stm32cube.ide.mcu.externaltools.gnu-tools-for-stm32.12.3.rel1.win32_1.0.200.202406191623/tools/bin/../lib/gcc/arm-none-eabi/12.3.1/../../../../arm-none-eabi/lib/thumb/v7-m/nofp\libc_nano.a
LOAD C:/ST/STM32CubeIDE_1.16.0/STM32CubeIDE/plugins/com.st.stm32cube.ide.mcu.externaltools.gnu-tools-for-stm32.12.3.rel1.win32_1.0.200.202406191623/tools/bin/../lib/gcc/arm-none-eabi/12.3.1/../../../../arm-none-eabi/lib/thumb/v7-m/nofp\libnosys.a
END GROUP
LOAD C:/ST/STM32CubeIDE_1.16.0/STM32CubeIDE/plugins/com.st.stm32cube.ide.mcu.externaltools.gnu-tools-for-stm32.12.3.rel1.win32_1.0.200.202406191623/tools/bin/../lib/gcc/arm-none-eabi/12.3.1/thumb/v7-m/nofp/crtend.o
LOAD C:/ST/STM32CubeIDE_1.16.0/STM32CubeIDE/plugins/com.st.stm32cube.ide.mcu.externaltools.gnu-tools-for-stm32.12.3.rel1.win32_1.0.200.202406191623/tools/bin/../lib/gcc/arm-none-eabi/12.3.1/thumb/v7-m/nofp/crtn.o
                0x20005000                        _estack = (ORIGIN (RAM) + LENGTH (RAM))
                0x00000200                        _Min_Heap_Size = 0x200
                0x00000400                        _Min_Stack_Size = 0x400

.isr_vector     0x08000000      0x10c
                0x08000000                        . = ALIGN (0x4)
 *(.isr_vector)
 .isr_vector    0x08000000      0x10c ./Core/Startup/startup_stm32f103rbtx.o
                0x08000000                g_pfnVectors
                0x0800010c                        . = ALIGN (0x4)

.text           0x08000110     0x71c0
                0x08000110                        . = ALIGN (0x4)
 *(.text)
 .text          0x08000110       0x40 C:/ST/STM32CubeIDE_1.16.0/STM32CubeIDE/plugins/com.st.stm32cube.ide.mcu.externaltools.gnu-tools-for-stm32.12.3.rel1.win32_1.0.200.202406191623/tools/bin/../lib/gcc/arm-none-eabi/12.3.1/thumb/v7-m/nofp/crtbegin.o
 .text          0x08000150       0x10 C:/ST/STM32CubeIDE_1.16.0/STM32CubeIDE/plugins/com.st.stm32cube.ide.mcu.externaltools.gnu-tools-for-stm32.12.3.rel1.win32_1.0.200.202406191623/tools/bin/../lib/gcc/arm-none-eabi/12.3.1/../../../../arm-none-eabi/lib/thumb/v7-m/nofp\libc_nano.a(libc_a-strlen.o)
                0x08000150                strlen
 .text          0x08000160      0x168 C:/ST/STM32CubeIDE_1.16.0/STM32CubeIDE/plugins/com.st.stm32cube.ide.mcu.externaltools.gnu-tools-for-stm32.12.3.rel1.win32_1.0.200.202406191623/tools/bin/../lib/gcc/arm-none-eabi/12.3.1/thumb/v7-m/nofp\libgcc.a(_arm_mulsf3.o)
                0x08000160                __aeabi_fmul
                0x08000160                __mulsf3
 .text          0x080002c8      0x21c C:/ST/STM32CubeIDE_1.16.0/STM32CubeIDE/plugins/com.st.stm32cube.ide.mcu.externaltools.gnu-tools-for-stm32.12.3.rel1.win32_1.0.200.202406191623/tools/bin/../lib/gcc/arm-none-eabi/12.3.1/thumb/v7-m/nofp\libgcc.a(_arm_addsubsf3.o)
                0x080002c8                __aeabi_frsub
                0x080002d0                __subsf3
                0x080002d0                __aeabi_fsub
                0x080002d4                __aeabi_fadd
                0x080002d4                __addsf3
                0x08000434                __aeabi_ui2f
                0x08000434                __floatunsisf
                0x0800043c                __aeabi_i2f
                0x0800043c                __floatsisf
                0x08000458                __aeabi_ul2f
                0x08000458                __floatundisf
                0x08000468                __aeabi_l2f
                0x08000468                __floatdisf
 .text          0x080004e4       0x40 C:/ST/STM32CubeIDE_1.16.0/STM32CubeIDE/plugins/com.st.stm32cube.ide.mcu.externaltools.gnu-tools-for-stm32.12.3.rel1.win32_1.0.200.202406191623/tools/bin/../lib/gcc/arm-none-eabi/12.3.1/thumb/v7-m/nofp\libgcc.a(_arm_fixunssfsi.o)
                0x080004e4                __fixunssfsi
                0x080004e4                __aeabi_f2uiz
 *(.text*)
 .text.vApplicationGetIdleTaskMemory
                0x08000524       0x30 ./Core/Src/freertos.o
                0x08000524                vApplicationGetIdleTaskMemory
 .text.setServoAngle
                0x08000554       0x5c ./Core/Src/main.o
                0x08000554                setServoAngle
 .text.setMotorSpeed
                0x080005b0       0x4c ./Core/Src/main.o
                0x080005b0                setMotorSpeed
 .text.main     0x080005fc       0xe8 ./Core/Src/main.o
                0x080005fc                main
 .text.SystemClock_Config
                0x080006e4       0x8a ./Core/Src/main.o
                0x080006e4                SystemClock_Config
 *fill*         0x0800076e        0x2 
 .text.MX_TIM1_Init
                0x08000770      0x158 ./Core/Src/main.o
 .text.MX_TIM2_Init
                0x080008c8      0x118 ./Core/Src/main.o
 .text.MX_TIM3_Init
                0x080009e0       0xa8 ./Core/Src/main.o
 .text.MX_USART2_UART_Init
                0x08000a88       0x54 ./Core/Src/main.o
 .text.MX_GPIO_Init
                0x08000adc       0xac ./Core/Src/main.o
 .text.StartDefaultTask
                0x08000b88      0x1ac ./Core/Src/main.o
                0x08000b88                StartDefaultTask
 .text.HAL_UART_RxCpltCallback
                0x08000d34       0x88 ./Core/Src/main.o
                0x08000d34                HAL_UART_RxCpltCallback
 .text.StartTask02
                0x08000dbc       0xc0 ./Core/Src/main.o
                0x08000dbc                StartTask02
 .text.HAL_TIM_PeriodElapsedCallback
                0x08000e7c       0x24 ./Core/Src/main.o
                0x08000e7c                HAL_TIM_PeriodElapsedCallback
 .text.Error_Handler
                0x08000ea0        0xc ./Core/Src/main.o
                0x08000ea0                Error_Handler
 .text.HAL_MspInit
                0x08000eac       0x70 ./Core/Src/stm32f1xx_hal_msp.o
                0x08000eac                HAL_MspInit
 .text.HAL_TIM_Base_MspInit
                0x08000f1c       0x60 ./Core/Src/stm32f1xx_hal_msp.o
                0x08000f1c                HAL_TIM_Base_MspInit
 .text.HAL_TIM_Encoder_MspInit
                0x08000f7c       0x7c ./Core/Src/stm32f1xx_hal_msp.o
                0x08000f7c                HAL_TIM_Encoder_MspInit
 .text.HAL_TIM_MspPostInit
                0x08000ff8      0x100 ./Core/Src/stm32f1xx_hal_msp.o
                0x08000ff8                HAL_TIM_MspPostInit
 .text.HAL_UART_MspInit
                0x080010f8       0xa4 ./Core/Src/stm32f1xx_hal_msp.o
                0x080010f8                HAL_UART_MspInit
 .text.HAL_InitTick
                0x0800119c       0xfc ./Core/Src/stm32f1xx_hal_timebase_tim.o
                0x0800119c                HAL_InitTick
 .text.NMI_Handler
                0x08001298        0x8 ./Core/Src/stm32f1xx_it.o
                0x08001298                NMI_Handler
 .text.HardFault_Handler
                0x080012a0        0x8 ./Core/Src/stm32f1xx_it.o
                0x080012a0                HardFault_Handler
 .text.MemManage_Handler
                0x080012a8        0x8 ./Core/Src/stm32f1xx_it.o
                0x080012a8                MemManage_Handler
 .text.BusFault_Handler
                0x080012b0        0x8 ./Core/Src/stm32f1xx_it.o
                0x080012b0                BusFault_Handler
 .text.UsageFault_Handler
                0x080012b8        0x8 ./Core/Src/stm32f1xx_it.o
                0x080012b8                UsageFault_Handler
 .text.DebugMon_Handler
                0x080012c0        0xc ./Core/Src/stm32f1xx_it.o
                0x080012c0                DebugMon_Handler
 .text.TIM4_IRQHandler
                0x080012cc       0x14 ./Core/Src/stm32f1xx_it.o
                0x080012cc                TIM4_IRQHandler
 .text.USART2_IRQHandler
                0x080012e0       0x14 ./Core/Src/stm32f1xx_it.o
                0x080012e0                USART2_IRQHandler
 .text._sbrk    0x080012f4       0x6c ./Core/Src/sysmem.o
                0x080012f4                _sbrk
 .text.SystemInit
                0x08001360        0xc ./Core/Src/system_stm32f1xx.o
                0x08001360                SystemInit
 .text.Reset_Handler
                0x0800136c       0x48 ./Core/Startup/startup_stm32f103rbtx.o
                0x0800136c                Reset_Handler
 .text.Default_Handler
                0x080013b4        0x2 ./Core/Startup/startup_stm32f103rbtx.o
                0x080013b4                RTC_Alarm_IRQHandler
                0x080013b4                EXTI2_IRQHandler
                0x080013b4                TIM1_CC_IRQHandler
                0x080013b4                PVD_IRQHandler
                0x080013b4                EXTI3_IRQHandler
                0x080013b4                EXTI0_IRQHandler
                0x080013b4                I2C2_EV_IRQHandler
                0x080013b4                ADC1_2_IRQHandler
                0x080013b4                SPI1_IRQHandler
                0x080013b4                TAMPER_IRQHandler
                0x080013b4                DMA1_Channel4_IRQHandler
                0x080013b4                USART3_IRQHandler
                0x080013b4                RTC_IRQHandler
                0x080013b4                DMA1_Channel7_IRQHandler
                0x080013b4                CAN1_RX1_IRQHandler
                0x080013b4                I2C1_EV_IRQHandler
                0x080013b4                DMA1_Channel6_IRQHandler
                0x080013b4                TIM3_IRQHandler
                0x080013b4                RCC_IRQHandler
                0x080013b4                TIM1_TRG_COM_IRQHandler
                0x080013b4                DMA1_Channel1_IRQHandler
                0x080013b4                Default_Handler
                0x080013b4                EXTI15_10_IRQHandler
                0x080013b4                EXTI9_5_IRQHandler
                0x080013b4                SPI2_IRQHandler
                0x080013b4                DMA1_Channel5_IRQHandler
                0x080013b4                EXTI4_IRQHandler
                0x080013b4                USB_LP_CAN1_RX0_IRQHandler
                0x080013b4                USB_HP_CAN1_TX_IRQHandler
                0x080013b4                DMA1_Channel3_IRQHandler
                0x080013b4                TIM1_UP_IRQHandler
                0x080013b4                WWDG_IRQHandler
                0x080013b4                TIM2_IRQHandler
                0x080013b4                TIM1_BRK_IRQHandler
                0x080013b4                EXTI1_IRQHandler
                0x080013b4                I2C2_ER_IRQHandler
                0x080013b4                DMA1_Channel2_IRQHandler
                0x080013b4                CAN1_SCE_IRQHandler
                0x080013b4                FLASH_IRQHandler
                0x080013b4                USART1_IRQHandler
                0x080013b4                I2C1_ER_IRQHandler
                0x080013b4                USBWakeUp_IRQHandler
 *fill*         0x080013b6        0x2 
 .text.HAL_Init
                0x080013b8       0x2c ./Drivers/STM32F1xx_HAL_Driver/Src/stm32f1xx_hal.o
                0x080013b8                HAL_Init
 .text.HAL_IncTick
                0x080013e4       0x24 ./Drivers/STM32F1xx_HAL_Driver/Src/stm32f1xx_hal.o
                0x080013e4                HAL_IncTick
 .text.HAL_GetTick
                0x08001408       0x14 ./Drivers/STM32F1xx_HAL_Driver/Src/stm32f1xx_hal.o
                0x08001408                HAL_GetTick
 .text.__NVIC_SetPriorityGrouping
                0x0800141c       0x48 ./Drivers/STM32F1xx_HAL_Driver/Src/stm32f1xx_hal_cortex.o
 .text.__NVIC_GetPriorityGrouping
                0x08001464       0x1c ./Drivers/STM32F1xx_HAL_Driver/Src/stm32f1xx_hal_cortex.o
 .text.__NVIC_EnableIRQ
                0x08001480       0x38 ./Drivers/STM32F1xx_HAL_Driver/Src/stm32f1xx_hal_cortex.o
 .text.__NVIC_SetPriority
                0x080014b8       0x54 ./Drivers/STM32F1xx_HAL_Driver/Src/stm32f1xx_hal_cortex.o
 .text.NVIC_EncodePriority
                0x0800150c       0x64 ./Drivers/STM32F1xx_HAL_Driver/Src/stm32f1xx_hal_cortex.o
 .text.HAL_NVIC_SetPriorityGrouping
                0x08001570       0x16 ./Drivers/STM32F1xx_HAL_Driver/Src/stm32f1xx_hal_cortex.o
                0x08001570                HAL_NVIC_SetPriorityGrouping
 .text.HAL_NVIC_SetPriority
                0x08001586       0x38 ./Drivers/STM32F1xx_HAL_Driver/Src/stm32f1xx_hal_cortex.o
                0x08001586                HAL_NVIC_SetPriority
 .text.HAL_NVIC_EnableIRQ
                0x080015be       0x1c ./Drivers/STM32F1xx_HAL_Driver/Src/stm32f1xx_hal_cortex.o
                0x080015be                HAL_NVIC_EnableIRQ
 .text.HAL_DMA_Abort
                0x080015da       0x76 ./Drivers/STM32F1xx_HAL_Driver/Src/stm32f1xx_hal_dma.o
                0x080015da                HAL_DMA_Abort
 .text.HAL_DMA_Abort_IT
                0x08001650       0xf0 ./Drivers/STM32F1xx_HAL_Driver/Src/stm32f1xx_hal_dma.o
                0x08001650                HAL_DMA_Abort_IT
 .text.HAL_GPIO_Init
                0x08001740      0x308 ./Drivers/STM32F1xx_HAL_Driver/Src/stm32f1xx_hal_gpio.o
                0x08001740                HAL_GPIO_Init
 .text.HAL_GPIO_WritePin
                0x08001a48       0x30 ./Drivers/STM32F1xx_HAL_Driver/Src/stm32f1xx_hal_gpio.o
                0x08001a48                HAL_GPIO_WritePin
 .text.HAL_RCC_OscConfig
                0x08001a78      0x504 ./Drivers/STM32F1xx_HAL_Driver/Src/stm32f1xx_hal_rcc.o
                0x08001a78                HAL_RCC_OscConfig
 .text.HAL_RCC_ClockConfig
                0x08001f7c      0x1d4 ./Drivers/STM32F1xx_HAL_Driver/Src/stm32f1xx_hal_rcc.o
                0x08001f7c                HAL_RCC_ClockConfig
 .text.HAL_RCC_GetSysClockFreq
                0x08002150       0xa8 ./Drivers/STM32F1xx_HAL_Driver/Src/stm32f1xx_hal_rcc.o
                0x08002150                HAL_RCC_GetSysClockFreq
 .text.HAL_RCC_GetHCLKFreq
                0x080021f8       0x14 ./Drivers/STM32F1xx_HAL_Driver/Src/stm32f1xx_hal_rcc.o
                0x080021f8                HAL_RCC_GetHCLKFreq
 .text.HAL_RCC_GetPCLK1Freq
                0x0800220c       0x28 ./Drivers/STM32F1xx_HAL_Driver/Src/stm32f1xx_hal_rcc.o
                0x0800220c                HAL_RCC_GetPCLK1Freq
 .text.HAL_RCC_GetPCLK2Freq
                0x08002234       0x28 ./Drivers/STM32F1xx_HAL_Driver/Src/stm32f1xx_hal_rcc.o
                0x08002234                HAL_RCC_GetPCLK2Freq
 .text.HAL_RCC_GetClockConfig
                0x0800225c       0x60 ./Drivers/STM32F1xx_HAL_Driver/Src/stm32f1xx_hal_rcc.o
                0x0800225c                HAL_RCC_GetClockConfig
 .text.RCC_Delay
                0x080022bc       0x3c ./Drivers/STM32F1xx_HAL_Driver/Src/stm32f1xx_hal_rcc.o
 .text.HAL_TIM_Base_Init
                0x080022f8       0x9e ./Drivers/STM32F1xx_HAL_Driver/Src/stm32f1xx_hal_tim.o
                0x080022f8                HAL_TIM_Base_Init
 *fill*         0x08002396        0x2 
 .text.HAL_TIM_Base_Start_IT
                0x08002398       0xa4 ./Drivers/STM32F1xx_HAL_Driver/Src/stm32f1xx_hal_tim.o
                0x08002398                HAL_TIM_Base_Start_IT
 .text.HAL_TIM_PWM_Init
                0x0800243c       0x9e ./Drivers/STM32F1xx_HAL_Driver/Src/stm32f1xx_hal_tim.o
                0x0800243c                HAL_TIM_PWM_Init
 .text.HAL_TIM_PWM_MspInit
                0x080024da       0x12 ./Drivers/STM32F1xx_HAL_Driver/Src/stm32f1xx_hal_tim.o
                0x080024da                HAL_TIM_PWM_MspInit
 .text.HAL_TIM_PWM_Start
                0x080024ec      0x144 ./Drivers/STM32F1xx_HAL_Driver/Src/stm32f1xx_hal_tim.o
                0x080024ec                HAL_TIM_PWM_Start
 .text.HAL_TIM_Encoder_Init
                0x08002630      0x144 ./Drivers/STM32F1xx_HAL_Driver/Src/stm32f1xx_hal_tim.o
                0x08002630                HAL_TIM_Encoder_Init
 .text.HAL_TIM_Encoder_Start
                0x08002774      0x11c ./Drivers/STM32F1xx_HAL_Driver/Src/stm32f1xx_hal_tim.o
                0x08002774                HAL_TIM_Encoder_Start
 .text.HAL_TIM_IRQHandler
                0x08002890      0x1e0 ./Drivers/STM32F1xx_HAL_Driver/Src/stm32f1xx_hal_tim.o
                0x08002890                HAL_TIM_IRQHandler
 .text.HAL_TIM_PWM_ConfigChannel
                0x08002a70      0x184 ./Drivers/STM32F1xx_HAL_Driver/Src/stm32f1xx_hal_tim.o
                0x08002a70                HAL_TIM_PWM_ConfigChannel
 .text.HAL_TIM_ConfigClockSource
                0x08002bf4      0x18e ./Drivers/STM32F1xx_HAL_Driver/Src/stm32f1xx_hal_tim.o
                0x08002bf4                HAL_TIM_ConfigClockSource
 .text.HAL_TIM_OC_DelayElapsedCallback
                0x08002d82       0x12 ./Drivers/STM32F1xx_HAL_Driver/Src/stm32f1xx_hal_tim.o
                0x08002d82                HAL_TIM_OC_DelayElapsedCallback
 .text.HAL_TIM_IC_CaptureCallback
                0x08002d94       0x12 ./Drivers/STM32F1xx_HAL_Driver/Src/stm32f1xx_hal_tim.o
                0x08002d94                HAL_TIM_IC_CaptureCallback
 .text.HAL_TIM_PWM_PulseFinishedCallback
                0x08002da6       0x12 ./Drivers/STM32F1xx_HAL_Driver/Src/stm32f1xx_hal_tim.o
                0x08002da6                HAL_TIM_PWM_PulseFinishedCallback
 .text.HAL_TIM_TriggerCallback
                0x08002db8       0x12 ./Drivers/STM32F1xx_HAL_Driver/Src/stm32f1xx_hal_tim.o
                0x08002db8                HAL_TIM_TriggerCallback
 *fill*         0x08002dca        0x2 
 .text.TIM_Base_SetConfig
                0x08002dcc       0xdc ./Drivers/STM32F1xx_HAL_Driver/Src/stm32f1xx_hal_tim.o
                0x08002dcc                TIM_Base_SetConfig
 .text.TIM_OC1_SetConfig
                0x08002ea8       0xcc ./Drivers/STM32F1xx_HAL_Driver/Src/stm32f1xx_hal_tim.o
 .text.TIM_OC2_SetConfig
                0x08002f74       0xd4 ./Drivers/STM32F1xx_HAL_Driver/Src/stm32f1xx_hal_tim.o
                0x08002f74                TIM_OC2_SetConfig
 .text.TIM_OC3_SetConfig
                0x08003048       0xd4 ./Drivers/STM32F1xx_HAL_Driver/Src/stm32f1xx_hal_tim.o
 .text.TIM_OC4_SetConfig
                0x0800311c       0x9c ./Drivers/STM32F1xx_HAL_Driver/Src/stm32f1xx_hal_tim.o
 .text.TIM_TI1_ConfigInputStage
                0x080031b8       0x5c ./Drivers/STM32F1xx_HAL_Driver/Src/stm32f1xx_hal_tim.o
 .text.TIM_TI2_ConfigInputStage
                0x08003214       0x5e ./Drivers/STM32F1xx_HAL_Driver/Src/stm32f1xx_hal_tim.o
 .text.TIM_ITRx_SetConfig
                0x08003272       0x34 ./Drivers/STM32F1xx_HAL_Driver/Src/stm32f1xx_hal_tim.o
 .text.TIM_ETR_SetConfig
                0x080032a6       0x3e ./Drivers/STM32F1xx_HAL_Driver/Src/stm32f1xx_hal_tim.o
                0x080032a6                TIM_ETR_SetConfig
 .text.TIM_CCxChannelCmd
                0x080032e4       0x48 ./Drivers/STM32F1xx_HAL_Driver/Src/stm32f1xx_hal_tim.o
                0x080032e4                TIM_CCxChannelCmd
 .text.HAL_TIMEx_MasterConfigSynchronization
                0x0800332c       0xbc ./Drivers/STM32F1xx_HAL_Driver/Src/stm32f1xx_hal_tim_ex.o
                0x0800332c                HAL_TIMEx_MasterConfigSynchronization
 .text.HAL_TIMEx_ConfigBreakDeadTime
                0x080033e8       0xa2 ./Drivers/STM32F1xx_HAL_Driver/Src/stm32f1xx_hal_tim_ex.o
                0x080033e8                HAL_TIMEx_ConfigBreakDeadTime
 .text.HAL_TIMEx_CommutCallback
                0x0800348a       0x12 ./Drivers/STM32F1xx_HAL_Driver/Src/stm32f1xx_hal_tim_ex.o
                0x0800348a                HAL_TIMEx_CommutCallback
 .text.HAL_TIMEx_BreakCallback
                0x0800349c       0x12 ./Drivers/STM32F1xx_HAL_Driver/Src/stm32f1xx_hal_tim_ex.o
                0x0800349c                HAL_TIMEx_BreakCallback
 .text.HAL_UART_Init
                0x080034ae       0xa0 ./Drivers/STM32F1xx_HAL_Driver/Src/stm32f1xx_hal_uart.o
                0x080034ae                HAL_UART_Init
 .text.HAL_UART_Transmit
                0x0800354e      0x116 ./Drivers/STM32F1xx_HAL_Driver/Src/stm32f1xx_hal_uart.o
                0x0800354e                HAL_UART_Transmit
 .text.HAL_UART_Receive_IT
                0x08003664       0x4a ./Drivers/STM32F1xx_HAL_Driver/Src/stm32f1xx_hal_uart.o
                0x08003664                HAL_UART_Receive_IT
 *fill*         0x080036ae        0x2 
 .text.HAL_UART_IRQHandler
                0x080036b0      0x524 ./Drivers/STM32F1xx_HAL_Driver/Src/stm32f1xx_hal_uart.o
                0x080036b0                HAL_UART_IRQHandler
 .text.HAL_UART_TxCpltCallback
                0x08003bd4       0x12 ./Drivers/STM32F1xx_HAL_Driver/Src/stm32f1xx_hal_uart.o
                0x08003bd4                HAL_UART_TxCpltCallback
 .text.HAL_UART_ErrorCallback
                0x08003be6       0x12 ./Drivers/STM32F1xx_HAL_Driver/Src/stm32f1xx_hal_uart.o
                0x08003be6                HAL_UART_ErrorCallback
 .text.HAL_UARTEx_RxEventCallback
                0x08003bf8       0x16 ./Drivers/STM32F1xx_HAL_Driver/Src/stm32f1xx_hal_uart.o
                0x08003bf8                HAL_UARTEx_RxEventCallback
 .text.UART_WaitOnFlagUntilTimeout
                0x08003c0e       0xb2 ./Drivers/STM32F1xx_HAL_Driver/Src/stm32f1xx_hal_uart.o
 .text.UART_Start_Receive_IT
                0x08003cc0       0x72 ./Drivers/STM32F1xx_HAL_Driver/Src/stm32f1xx_hal_uart.o
                0x08003cc0                UART_Start_Receive_IT
 .text.UART_EndRxTransfer
                0x08003d32       0xc4 ./Drivers/STM32F1xx_HAL_Driver/Src/stm32f1xx_hal_uart.o
 .text.UART_DMAAbortOnError
                0x08003df6       0x28 ./Drivers/STM32F1xx_HAL_Driver/Src/stm32f1xx_hal_uart.o
 .text.UART_Transmit_IT
                0x08003e1e       0x9e ./Drivers/STM32F1xx_HAL_Driver/Src/stm32f1xx_hal_uart.o
 .text.UART_EndTransmit_IT
                0x08003ebc       0x30 ./Drivers/STM32F1xx_HAL_Driver/Src/stm32f1xx_hal_uart.o
 .text.UART_Receive_IT
                0x08003eec      0x17c ./Drivers/STM32F1xx_HAL_Driver/Src/stm32f1xx_hal_uart.o
 .text.UART_SetConfig
                0x08004068      0x11c ./Drivers/STM32F1xx_HAL_Driver/Src/stm32f1xx_hal_uart.o
 .text.makeFreeRtosPriority
                0x08004184       0x2e ./Middlewares/Third_Party/FreeRTOS/Source/CMSIS_RTOS/cmsis_os.o
 .text.inHandlerMode
                0x080041b2       0x22 ./Middlewares/Third_Party/FreeRTOS/Source/CMSIS_RTOS/cmsis_os.o
 .text.osKernelStart
                0x080041d4        0xe ./Middlewares/Third_Party/FreeRTOS/Source/CMSIS_RTOS/cmsis_os.o
                0x080041d4                osKernelStart
 .text.osThreadCreate
                0x080041e2       0x98 ./Middlewares/Third_Party/FreeRTOS/Source/CMSIS_RTOS/cmsis_os.o
                0x080041e2                osThreadCreate
 .text.osDelay  0x0800427a       0x28 ./Middlewares/Third_Party/FreeRTOS/Source/CMSIS_RTOS/cmsis_os.o
                0x0800427a                osDelay
 .text.osSemaphoreCreate
                0x080042a2       0x64 ./Middlewares/Third_Party/FreeRTOS/Source/CMSIS_RTOS/cmsis_os.o
                0x080042a2                osSemaphoreCreate
 *fill*         0x08004306        0x2 
 .text.osSemaphoreWait
                0x08004308       0x9c ./Middlewares/Third_Party/FreeRTOS/Source/CMSIS_RTOS/cmsis_os.o
                0x08004308                osSemaphoreWait
 .text.osSemaphoreRelease
                0x080043a4       0x6c ./Middlewares/Third_Party/FreeRTOS/Source/CMSIS_RTOS/cmsis_os.o
                0x080043a4                osSemaphoreRelease
 .text.vListInitialise
                0x08004410       0x3e ./Middlewares/Third_Party/FreeRTOS/Source/list.o
                0x08004410                vListInitialise
 .text.vListInitialiseItem
                0x0800444e       0x18 ./Middlewares/Third_Party/FreeRTOS/Source/list.o
                0x0800444e                vListInitialiseItem
 .text.vListInsertEnd
                0x08004466       0x46 ./Middlewares/Third_Party/FreeRTOS/Source/list.o
                0x08004466                vListInsertEnd
 .text.vListInsert
                0x080044ac       0x70 ./Middlewares/Third_Party/FreeRTOS/Source/list.o
                0x080044ac                vListInsert
 .text.uxListRemove
                0x0800451c       0x52 ./Middlewares/Third_Party/FreeRTOS/Source/list.o
                0x0800451c                uxListRemove
 *fill*         0x0800456e        0x2 
 .text.xQueueGenericReset
                0x08004570       0xd4 ./Middlewares/Third_Party/FreeRTOS/Source/queue.o
                0x08004570                xQueueGenericReset
 .text.xQueueGenericCreateStatic
                0x08004644       0xfa ./Middlewares/Third_Party/FreeRTOS/Source/queue.o
                0x08004644                xQueueGenericCreateStatic
 .text.xQueueGenericCreate
                0x0800473e       0x76 ./Middlewares/Third_Party/FreeRTOS/Source/queue.o
                0x0800473e                xQueueGenericCreate
 .text.prvInitialiseNewQueue
                0x080047b4       0x3e ./Middlewares/Third_Party/FreeRTOS/Source/queue.o
 *fill*         0x080047f2        0x2 
 .text.xQueueGenericSend
                0x080047f4      0x204 ./Middlewares/Third_Party/FreeRTOS/Source/queue.o
                0x080047f4                xQueueGenericSend
 .text.xQueueGiveFromISR
                0x080049f8      0x120 ./Middlewares/Third_Party/FreeRTOS/Source/queue.o
                0x080049f8                xQueueGiveFromISR
 .text.xQueueSemaphoreTake
                0x08004b18      0x220 ./Middlewares/Third_Party/FreeRTOS/Source/queue.o
                0x08004b18                xQueueSemaphoreTake
 .text.xQueueReceiveFromISR
                0x08004d38      0x104 ./Middlewares/Third_Party/FreeRTOS/Source/queue.o
                0x08004d38                xQueueReceiveFromISR
 .text.prvGetDisinheritPriorityAfterTimeout
                0x08004e3c       0x2e ./Middlewares/Third_Party/FreeRTOS/Source/queue.o
 .text.prvCopyDataToQueue
                0x08004e6a       0xd4 ./Middlewares/Third_Party/FreeRTOS/Source/queue.o
 .text.prvCopyDataFromQueue
                0x08004f3e       0x4c ./Middlewares/Third_Party/FreeRTOS/Source/queue.o
 .text.prvUnlockQueue
                0x08004f8a       0xa4 ./Middlewares/Third_Party/FreeRTOS/Source/queue.o
 .text.prvIsQueueEmpty
                0x0800502e       0x2c ./Middlewares/Third_Party/FreeRTOS/Source/queue.o
 .text.prvIsQueueFull
                0x0800505a       0x30 ./Middlewares/Third_Party/FreeRTOS/Source/queue.o
 .text.xTaskCreateStatic
                0x0800508a       0xc0 ./Middlewares/Third_Party/FreeRTOS/Source/tasks.o
                0x0800508a                xTaskCreateStatic
 .text.xTaskCreate
                0x0800514a       0x8a ./Middlewares/Third_Party/FreeRTOS/Source/tasks.o
                0x0800514a                xTaskCreate
 .text.prvInitialiseNewTask
                0x080051d4      0x110 ./Middlewares/Third_Party/FreeRTOS/Source/tasks.o
 .text.prvAddNewTaskToReadyList
                0x080052e4       0xd4 ./Middlewares/Third_Party/FreeRTOS/Source/tasks.o
 .text.vTaskDelay
                0x080053b8       0x6c ./Middlewares/Third_Party/FreeRTOS/Source/tasks.o
                0x080053b8                vTaskDelay
 .text.vTaskStartScheduler
                0x08005424       0xc4 ./Middlewares/Third_Party/FreeRTOS/Source/tasks.o
                0x08005424                vTaskStartScheduler
 .text.vTaskSuspendAll
                0x080054e8       0x1c ./Middlewares/Third_Party/FreeRTOS/Source/tasks.o
                0x080054e8                vTaskSuspendAll
 .text.xTaskResumeAll
                0x08005504      0x13c ./Middlewares/Third_Party/FreeRTOS/Source/tasks.o
                0x08005504                xTaskResumeAll
 .text.xTaskIncrementTick
                0x08005640      0x174 ./Middlewares/Third_Party/FreeRTOS/Source/tasks.o
                0x08005640                xTaskIncrementTick
 .text.vTaskSwitchContext
                0x080057b4       0xb8 ./Middlewares/Third_Party/FreeRTOS/Source/tasks.o
                0x080057b4                vTaskSwitchContext
 .text.vTaskPlaceOnEventList
                0x0800586c       0x4c ./Middlewares/Third_Party/FreeRTOS/Source/tasks.o
                0x0800586c                vTaskPlaceOnEventList
 .text.xTaskRemoveFromEventList
                0x080058b8       0xc8 ./Middlewares/Third_Party/FreeRTOS/Source/tasks.o
                0x080058b8                xTaskRemoveFromEventList
 .text.vTaskInternalSetTimeOutState
                0x08005980       0x2c ./Middlewares/Third_Party/FreeRTOS/Source/tasks.o
                0x08005980                vTaskInternalSetTimeOutState
 .text.xTaskCheckForTimeOut
                0x080059ac       0xc8 ./Middlewares/Third_Party/FreeRTOS/Source/tasks.o
                0x080059ac                xTaskCheckForTimeOut
 .text.vTaskMissedYield
                0x08005a74       0x18 ./Middlewares/Third_Party/FreeRTOS/Source/tasks.o
                0x08005a74                vTaskMissedYield
 .text.prvIdleTask
                0x08005a8c       0x30 ./Middlewares/Third_Party/FreeRTOS/Source/tasks.o
 .text.prvInitialiseTaskLists
                0x08005abc       0x80 ./Middlewares/Third_Party/FreeRTOS/Source/tasks.o
 .text.prvCheckTasksWaitingTermination
                0x08005b3c       0x5c ./Middlewares/Third_Party/FreeRTOS/Source/tasks.o
 .text.prvDeleteTCB
                0x08005b98       0x60 ./Middlewares/Third_Party/FreeRTOS/Source/tasks.o
 .text.prvResetNextTaskUnblockTime
                0x08005bf8       0x40 ./Middlewares/Third_Party/FreeRTOS/Source/tasks.o
 .text.xTaskGetSchedulerState
                0x08005c38       0x3c ./Middlewares/Third_Party/FreeRTOS/Source/tasks.o
                0x08005c38                xTaskGetSchedulerState
 .text.xTaskPriorityInherit
                0x08005c74       0xec ./Middlewares/Third_Party/FreeRTOS/Source/tasks.o
                0x08005c74                xTaskPriorityInherit
 .text.xTaskPriorityDisinherit
                0x08005d60      0x110 ./Middlewares/Third_Party/FreeRTOS/Source/tasks.o
                0x08005d60                xTaskPriorityDisinherit
 .text.vTaskPriorityDisinheritAfterTimeout
                0x08005e70      0x120 ./Middlewares/Third_Party/FreeRTOS/Source/tasks.o
                0x08005e70                vTaskPriorityDisinheritAfterTimeout
 .text.pvTaskIncrementMutexHeldCount
                0x08005f90       0x28 ./Middlewares/Third_Party/FreeRTOS/Source/tasks.o
                0x08005f90                pvTaskIncrementMutexHeldCount
 .text.prvAddCurrentTaskToDelayedList
                0x08005fb8       0xcc ./Middlewares/Third_Party/FreeRTOS/Source/tasks.o
 .text.pxPortInitialiseStack
                0x08006084       0x58 ./Middlewares/Third_Party/FreeRTOS/Source/portable/GCC/ARM_CM3/port.o
                0x08006084                pxPortInitialiseStack
 .text.prvTaskExitError
                0x080060dc       0x58 ./Middlewares/Third_Party/FreeRTOS/Source/portable/GCC/ARM_CM3/port.o
 *fill*         0x08006134        0xc 
 .text.SVC_Handler
                0x08006140       0x28 ./Middlewares/Third_Party/FreeRTOS/Source/portable/GCC/ARM_CM3/port.o
                0x08006140                SVC_Handler
 .text.prvPortStartFirstTask
                0x08006168       0x20 ./Middlewares/Third_Party/FreeRTOS/Source/portable/GCC/ARM_CM3/port.o
 .text.xPortStartScheduler
                0x08006188       0xe4 ./Middlewares/Third_Party/FreeRTOS/Source/portable/GCC/ARM_CM3/port.o
                0x08006188                xPortStartScheduler
 .text.vPortEnterCritical
                0x0800626c       0x60 ./Middlewares/Third_Party/FreeRTOS/Source/portable/GCC/ARM_CM3/port.o
                0x0800626c                vPortEnterCritical
 .text.vPortExitCritical
                0x080062cc       0x54 ./Middlewares/Third_Party/FreeRTOS/Source/portable/GCC/ARM_CM3/port.o
                0x080062cc                vPortExitCritical
 .text.PendSV_Handler
                0x08006320       0x48 ./Middlewares/Third_Party/FreeRTOS/Source/portable/GCC/ARM_CM3/port.o
                0x08006320                PendSV_Handler
 .text.SysTick_Handler
                0x08006368       0x44 ./Middlewares/Third_Party/FreeRTOS/Source/portable/GCC/ARM_CM3/port.o
                0x08006368                SysTick_Handler
 .text.vPortSetupTimerInterrupt
                0x080063ac       0x44 ./Middlewares/Third_Party/FreeRTOS/Source/portable/GCC/ARM_CM3/port.o
                0x080063ac                vPortSetupTimerInterrupt
 .text.vPortValidateInterruptPriority
                0x080063f0       0x80 ./Middlewares/Third_Party/FreeRTOS/Source/portable/GCC/ARM_CM3/port.o
                0x080063f0                vPortValidateInterruptPriority
 .text.pvPortMalloc
                0x08006470      0x19c ./Middlewares/Third_Party/FreeRTOS/Source/portable/MemMang/heap_4.o
                0x08006470                pvPortMalloc
 .text.vPortFree
                0x0800660c       0xc8 ./Middlewares/Third_Party/FreeRTOS/Source/portable/MemMang/heap_4.o
                0x0800660c                vPortFree
 .text.prvHeapInit
                0x080066d4       0xc4 ./Middlewares/Third_Party/FreeRTOS/Source/portable/MemMang/heap_4.o
 .text.prvInsertBlockIntoFreeList
                0x08006798       0xb0 ./Middlewares/Third_Party/FreeRTOS/Source/portable/MemMang/heap_4.o
 .text.atoi     0x08006848        0x8 C:/ST/STM32CubeIDE_1.16.0/STM32CubeIDE/plugins/com.st.stm32cube.ide.mcu.externaltools.gnu-tools-for-stm32.12.3.rel1.win32_1.0.200.202406191623/tools/bin/../lib/gcc/arm-none-eabi/12.3.1/../../../../arm-none-eabi/lib/thumb/v7-m/nofp\libc_nano.a(libc_a-atoi.o)
                0x08006848                atoi
 .text._strtol_l.constprop.0
                0x08006850       0xf4 C:/ST/STM32CubeIDE_1.16.0/STM32CubeIDE/plugins/com.st.stm32cube.ide.mcu.externaltools.gnu-tools-for-stm32.12.3.rel1.win32_1.0.200.202406191623/tools/bin/../lib/gcc/arm-none-eabi/12.3.1/../../../../arm-none-eabi/lib/thumb/v7-m/nofp\libc_nano.a(libc_a-strtol.o)
 .text.strtol   0x08006944       0x14 C:/ST/STM32CubeIDE_1.16.0/STM32CubeIDE/plugins/com.st.stm32cube.ide.mcu.externaltools.gnu-tools-for-stm32.12.3.rel1.win32_1.0.200.202406191623/tools/bin/../lib/gcc/arm-none-eabi/12.3.1/../../../../arm-none-eabi/lib/thumb/v7-m/nofp\libc_nano.a(libc_a-strtol.o)
                0x08006944                strtol
 .text.sprintf  0x08006958       0x40 C:/ST/STM32CubeIDE_1.16.0/STM32CubeIDE/plugins/com.st.stm32cube.ide.mcu.externaltools.gnu-tools-for-stm32.12.3.rel1.win32_1.0.200.202406191623/tools/bin/../lib/gcc/arm-none-eabi/12.3.1/../../../../arm-none-eabi/lib/thumb/v7-m/nofp\libc_nano.a(libc_a-sprintf.o)
                0x08006958                siprintf
                0x08006958                sprintf
 .text.memset   0x08006998       0x10 C:/ST/STM32CubeIDE_1.16.0/STM32CubeIDE/plugins/com.st.stm32cube.ide.mcu.externaltools.gnu-tools-for-stm32.12.3.rel1.win32_1.0.200.202406191623/tools/bin/../lib/gcc/arm-none-eabi/12.3.1/../../../../arm-none-eabi/lib/thumb/v7-m/nofp\libc_nano.a(libc_a-memset.o)
                0x08006998                memset
 .text.__errno  0x080069a8        0xc C:/ST/STM32CubeIDE_1.16.0/STM32CubeIDE/plugins/com.st.stm32cube.ide.mcu.externaltools.gnu-tools-for-stm32.12.3.rel1.win32_1.0.200.202406191623/tools/bin/../lib/gcc/arm-none-eabi/12.3.1/../../../../arm-none-eabi/lib/thumb/v7-m/nofp\libc_nano.a(libc_a-errno.o)
                0x080069a8                __errno
 .text.__libc_init_array
                0x080069b4       0x48 C:/ST/STM32CubeIDE_1.16.0/STM32CubeIDE/plugins/com.st.stm32cube.ide.mcu.externaltools.gnu-tools-for-stm32.12.3.rel1.win32_1.0.200.202406191623/tools/bin/../lib/gcc/arm-none-eabi/12.3.1/../../../../arm-none-eabi/lib/thumb/v7-m/nofp\libc_nano.a(libc_a-init.o)
                0x080069b4                __libc_init_array
 .text.__retarget_lock_acquire_recursive
                0x080069fc        0x2 C:/ST/STM32CubeIDE_1.16.0/STM32CubeIDE/plugins/com.st.stm32cube.ide.mcu.externaltools.gnu-tools-for-stm32.12.3.rel1.win32_1.0.200.202406191623/tools/bin/../lib/gcc/arm-none-eabi/12.3.1/../../../../arm-none-eabi/lib/thumb/v7-m/nofp\libc_nano.a(libc_a-lock.o)
                0x080069fc                __retarget_lock_acquire_recursive
 .text.__retarget_lock_release_recursive
                0x080069fe        0x2 C:/ST/STM32CubeIDE_1.16.0/STM32CubeIDE/plugins/com.st.stm32cube.ide.mcu.externaltools.gnu-tools-for-stm32.12.3.rel1.win32_1.0.200.202406191623/tools/bin/../lib/gcc/arm-none-eabi/12.3.1/../../../../arm-none-eabi/lib/thumb/v7-m/nofp\libc_nano.a(libc_a-lock.o)
                0x080069fe                __retarget_lock_release_recursive
 .text.memcpy   0x08006a00       0x1c C:/ST/STM32CubeIDE_1.16.0/STM32CubeIDE/plugins/com.st.stm32cube.ide.mcu.externaltools.gnu-tools-for-stm32.12.3.rel1.win32_1.0.200.202406191623/tools/bin/../lib/gcc/arm-none-eabi/12.3.1/../../../../arm-none-eabi/lib/thumb/v7-m/nofp\libc_nano.a(libc_a-memcpy-stub.o)
                0x08006a00                memcpy
 .text._free_r  0x08006a1c       0x90 C:/ST/STM32CubeIDE_1.16.0/STM32CubeIDE/plugins/com.st.stm32cube.ide.mcu.externaltools.gnu-tools-for-stm32.12.3.rel1.win32_1.0.200.202406191623/tools/bin/../lib/gcc/arm-none-eabi/12.3.1/../../../../arm-none-eabi/lib/thumb/v7-m/nofp\libc_nano.a(libc_a-freer.o)
                0x08006a1c                _free_r
 .text.sbrk_aligned
                0x08006aac       0x44 C:/ST/STM32CubeIDE_1.16.0/STM32CubeIDE/plugins/com.st.stm32cube.ide.mcu.externaltools.gnu-tools-for-stm32.12.3.rel1.win32_1.0.200.202406191623/tools/bin/../lib/gcc/arm-none-eabi/12.3.1/../../../../arm-none-eabi/lib/thumb/v7-m/nofp\libc_nano.a(libc_a-mallocr.o)
 .text._malloc_r
                0x08006af0      0x100 C:/ST/STM32CubeIDE_1.16.0/STM32CubeIDE/plugins/com.st.stm32cube.ide.mcu.externaltools.gnu-tools-for-stm32.12.3.rel1.win32_1.0.200.202406191623/tools/bin/../lib/gcc/arm-none-eabi/12.3.1/../../../../arm-none-eabi/lib/thumb/v7-m/nofp\libc_nano.a(libc_a-mallocr.o)
                0x08006af0                _malloc_r
 .text.__malloc_lock
                0x08006bf0        0xc C:/ST/STM32CubeIDE_1.16.0/STM32CubeIDE/plugins/com.st.stm32cube.ide.mcu.externaltools.gnu-tools-for-stm32.12.3.rel1.win32_1.0.200.202406191623/tools/bin/../lib/gcc/arm-none-eabi/12.3.1/../../../../arm-none-eabi/lib/thumb/v7-m/nofp\libc_nano.a(libc_a-mlock.o)
                0x08006bf0                __malloc_lock
 .text.__malloc_unlock
                0x08006bfc        0xc C:/ST/STM32CubeIDE_1.16.0/STM32CubeIDE/plugins/com.st.stm32cube.ide.mcu.externaltools.gnu-tools-for-stm32.12.3.rel1.win32_1.0.200.202406191623/tools/bin/../lib/gcc/arm-none-eabi/12.3.1/../../../../arm-none-eabi/lib/thumb/v7-m/nofp\libc_nano.a(libc_a-mlock.o)
                0x08006bfc                __malloc_unlock
 .text.__ssputs_r
                0x08006c08       0xb6 C:/ST/STM32CubeIDE_1.16.0/STM32CubeIDE/plugins/com.st.stm32cube.ide.mcu.externaltools.gnu-tools-for-stm32.12.3.rel1.win32_1.0.200.202406191623/tools/bin/../lib/gcc/arm-none-eabi/12.3.1/../../../../arm-none-eabi/lib/thumb/v7-m/nofp\libc_nano.a(libc_a-nano-svfprintf.o)
                0x08006c08                __ssputs_r
 *fill*         0x08006cbe        0x2 
 .text._svfprintf_r
                0x08006cc0      0x1f8 C:/ST/STM32CubeIDE_1.16.0/STM32CubeIDE/plugins/com.st.stm32cube.ide.mcu.externaltools.gnu-tools-for-stm32.12.3.rel1.win32_1.0.200.202406191623/tools/bin/../lib/gcc/arm-none-eabi/12.3.1/../../../../arm-none-eabi/lib/thumb/v7-m/nofp\libc_nano.a(libc_a-nano-svfprintf.o)
                0x08006cc0                _svfiprintf_r
                0x08006cc0                _svfprintf_r
 .text._printf_common
                0x08006eb8       0xe4 C:/ST/STM32CubeIDE_1.16.0/STM32CubeIDE/plugins/com.st.stm32cube.ide.mcu.externaltools.gnu-tools-for-stm32.12.3.rel1.win32_1.0.200.202406191623/tools/bin/../lib/gcc/arm-none-eabi/12.3.1/../../../../arm-none-eabi/lib/thumb/v7-m/nofp\libc_nano.a(libc_a-nano-vfprintf_i.o)
                0x08006eb8                _printf_common
 .text._printf_i
                0x08006f9c      0x240 C:/ST/STM32CubeIDE_1.16.0/STM32CubeIDE/plugins/com.st.stm32cube.ide.mcu.externaltools.gnu-tools-for-stm32.12.3.rel1.win32_1.0.200.202406191623/tools/bin/../lib/gcc/arm-none-eabi/12.3.1/../../../../arm-none-eabi/lib/thumb/v7-m/nofp\libc_nano.a(libc_a-nano-vfprintf_i.o)
                0x08006f9c                _printf_i
 .text.memmove  0x080071dc       0x34 C:/ST/STM32CubeIDE_1.16.0/STM32CubeIDE/plugins/com.st.stm32cube.ide.mcu.externaltools.gnu-tools-for-stm32.12.3.rel1.win32_1.0.200.202406191623/tools/bin/../lib/gcc/arm-none-eabi/12.3.1/../../../../arm-none-eabi/lib/thumb/v7-m/nofp\libc_nano.a(libc_a-memmove.o)
                0x080071dc                memmove
 .text._sbrk_r  0x08007210       0x20 C:/ST/STM32CubeIDE_1.16.0/STM32CubeIDE/plugins/com.st.stm32cube.ide.mcu.externaltools.gnu-tools-for-stm32.12.3.rel1.win32_1.0.200.202406191623/tools/bin/../lib/gcc/arm-none-eabi/12.3.1/../../../../arm-none-eabi/lib/thumb/v7-m/nofp\libc_nano.a(libc_a-sbrkr.o)
                0x08007210                _sbrk_r
 .text.memchr   0x08007230       0x1c C:/ST/STM32CubeIDE_1.16.0/STM32CubeIDE/plugins/com.st.stm32cube.ide.mcu.externaltools.gnu-tools-for-stm32.12.3.rel1.win32_1.0.200.202406191623/tools/bin/../lib/gcc/arm-none-eabi/12.3.1/../../../../arm-none-eabi/lib/thumb/v7-m/nofp\libc_nano.a(libc_a-memchr-stub.o)
                0x08007230                memchr
 .text._realloc_r
                0x0800724c       0x5c C:/ST/STM32CubeIDE_1.16.0/STM32CubeIDE/plugins/com.st.stm32cube.ide.mcu.externaltools.gnu-tools-for-stm32.12.3.rel1.win32_1.0.200.202406191623/tools/bin/../lib/gcc/arm-none-eabi/12.3.1/../../../../arm-none-eabi/lib/thumb/v7-m/nofp\libc_nano.a(libc_a-reallocr.o)
                0x0800724c                _realloc_r
 .text._malloc_usable_size_r
                0x080072a8       0x10 C:/ST/STM32CubeIDE_1.16.0/STM32CubeIDE/plugins/com.st.stm32cube.ide.mcu.externaltools.gnu-tools-for-stm32.12.3.rel1.win32_1.0.200.202406191623/tools/bin/../lib/gcc/arm-none-eabi/12.3.1/../../../../arm-none-eabi/lib/thumb/v7-m/nofp\libc_nano.a(libc_a-msizer.o)
                0x080072a8                _malloc_usable_size_r
 *(.glue_7)
 .glue_7        0x080072b8        0x0 linker stubs
 *(.glue_7t)
 .glue_7t       0x080072b8        0x0 linker stubs
 *(.eh_frame)
 .eh_frame      0x080072b8        0x0 C:/ST/STM32CubeIDE_1.16.0/STM32CubeIDE/plugins/com.st.stm32cube.ide.mcu.externaltools.gnu-tools-for-stm32.12.3.rel1.win32_1.0.200.202406191623/tools/bin/../lib/gcc/arm-none-eabi/12.3.1/thumb/v7-m/nofp/crtbegin.o
 *(.init)
 .init          0x080072b8        0x4 C:/ST/STM32CubeIDE_1.16.0/STM32CubeIDE/plugins/com.st.stm32cube.ide.mcu.externaltools.gnu-tools-for-stm32.12.3.rel1.win32_1.0.200.202406191623/tools/bin/../lib/gcc/arm-none-eabi/12.3.1/thumb/v7-m/nofp/crti.o
                0x080072b8                _init
 .init          0x080072bc        0x8 C:/ST/STM32CubeIDE_1.16.0/STM32CubeIDE/plugins/com.st.stm32cube.ide.mcu.externaltools.gnu-tools-for-stm32.12.3.rel1.win32_1.0.200.202406191623/tools/bin/../lib/gcc/arm-none-eabi/12.3.1/thumb/v7-m/nofp/crtn.o
 *(.fini)
 .fini          0x080072c4        0x4 C:/ST/STM32CubeIDE_1.16.0/STM32CubeIDE/plugins/com.st.stm32cube.ide.mcu.externaltools.gnu-tools-for-stm32.12.3.rel1.win32_1.0.200.202406191623/tools/bin/../lib/gcc/arm-none-eabi/12.3.1/thumb/v7-m/nofp/crti.o
                0x080072c4                _fini
 .fini          0x080072c8        0x8 C:/ST/STM32CubeIDE_1.16.0/STM32CubeIDE/plugins/com.st.stm32cube.ide.mcu.externaltools.gnu-tools-for-stm32.12.3.rel1.win32_1.0.200.202406191623/tools/bin/../lib/gcc/arm-none-eabi/12.3.1/thumb/v7-m/nofp/crtn.o
                0x080072d0                        . = ALIGN (0x4)
                0x080072d0                        _etext = .

.vfp11_veneer   0x080072d0        0x0
 .vfp11_veneer  0x080072d0        0x0 linker stubs

.v4_bx          0x080072d0        0x0
 .v4_bx         0x080072d0        0x0 linker stubs

.iplt           0x080072d0        0x0
 .iplt          0x080072d0        0x0 C:/ST/STM32CubeIDE_1.16.0/STM32CubeIDE/plugins/com.st.stm32cube.ide.mcu.externaltools.gnu-tools-for-stm32.12.3.rel1.win32_1.0.200.202406191623/tools/bin/../lib/gcc/arm-none-eabi/12.3.1/thumb/v7-m/nofp/crtbegin.o

.rodata         0x080072d0      0x204
                0x080072d0                        . = ALIGN (0x4)
 *(.rodata)
 .rodata        0x080072d0       0x9c ./Core/Src/main.o
 .rodata        0x0800736c        0x5 ./Middlewares/Third_Party/FreeRTOS/Source/tasks.o
 *(.rodata*)
 *fill*         0x08007371        0x3 
 .rodata.AHBPrescTable
                0x08007374       0x10 ./Core/Src/system_stm32f1xx.o
                0x08007374                AHBPrescTable
 .rodata.APBPrescTable
                0x08007384        0x8 ./Core/Src/system_stm32f1xx.o
                0x08007384                APBPrescTable
 .rodata.aPLLMULFactorTable.1
                0x0800738c       0x10 ./Drivers/STM32F1xx_HAL_Driver/Src/stm32f1xx_hal_rcc.o
 .rodata.aPredivFactorTable.0
                0x0800739c        0x2 ./Drivers/STM32F1xx_HAL_Driver/Src/stm32f1xx_hal_rcc.o
 .rodata._ctype_
                0x0800739e      0x101 C:/ST/STM32CubeIDE_1.16.0/STM32CubeIDE/plugins/com.st.stm32cube.ide.mcu.externaltools.gnu-tools-for-stm32.12.3.rel1.win32_1.0.200.202406191623/tools/bin/../lib/gcc/arm-none-eabi/12.3.1/../../../../arm-none-eabi/lib/thumb/v7-m/nofp\libc_nano.a(libc_a-ctype_.o)
                0x0800739e                _ctype_
 .rodata._svfprintf_r.str1.1
                0x0800749f       0x11 C:/ST/STM32CubeIDE_1.16.0/STM32CubeIDE/plugins/com.st.stm32cube.ide.mcu.externaltools.gnu-tools-for-stm32.12.3.rel1.win32_1.0.200.202406191623/tools/bin/../lib/gcc/arm-none-eabi/12.3.1/../../../../arm-none-eabi/lib/thumb/v7-m/nofp\libc_nano.a(libc_a-nano-svfprintf.o)
 .rodata._printf_i.str1.1
                0x080074b0       0x22 C:/ST/STM32CubeIDE_1.16.0/STM32CubeIDE/plugins/com.st.stm32cube.ide.mcu.externaltools.gnu-tools-for-stm32.12.3.rel1.win32_1.0.200.202406191623/tools/bin/../lib/gcc/arm-none-eabi/12.3.1/../../../../arm-none-eabi/lib/thumb/v7-m/nofp\libc_nano.a(libc_a-nano-vfprintf_i.o)
                0x080074d4                        . = ALIGN (0x4)
 *fill*         0x080074d2        0x2 

.ARM.extab      0x080074d4        0x0
                0x080074d4                        . = ALIGN (0x4)
 *(.ARM.extab* .gnu.linkonce.armextab.*)
                0x080074d4                        . = ALIGN (0x4)

.ARM            0x080074d4        0x8
                0x080074d4                        . = ALIGN (0x4)
                0x080074d4                        __exidx_start = .
 *(.ARM.exidx*)
 .ARM.exidx     0x080074d4        0x8 C:/ST/STM32CubeIDE_1.16.0/STM32CubeIDE/plugins/com.st.stm32cube.ide.mcu.externaltools.gnu-tools-for-stm32.12.3.rel1.win32_1.0.200.202406191623/tools/bin/../lib/gcc/arm-none-eabi/12.3.1/../../../../arm-none-eabi/lib/thumb/v7-m/nofp\libc_nano.a(libc_a-strlen.o)
                0x080074dc                        __exidx_end = .
                0x080074dc                        . = ALIGN (0x4)

.preinit_array  0x080074dc        0x0
                0x080074dc                        . = ALIGN (0x4)
                0x080074dc                        PROVIDE (__preinit_array_start = .)
 *(.preinit_array*)
                0x080074dc                        PROVIDE (__preinit_array_end = .)
                0x080074dc                        . = ALIGN (0x4)

.init_array     0x080074dc        0x4
                0x080074dc                        . = ALIGN (0x4)
                0x080074dc                        PROVIDE (__init_array_start = .)
 *(SORT_BY_NAME(.init_array.*))
 *(.init_array*)
 .init_array    0x080074dc        0x4 C:/ST/STM32CubeIDE_1.16.0/STM32CubeIDE/plugins/com.st.stm32cube.ide.mcu.externaltools.gnu-tools-for-stm32.12.3.rel1.win32_1.0.200.202406191623/tools/bin/../lib/gcc/arm-none-eabi/12.3.1/thumb/v7-m/nofp/crtbegin.o
                0x080074e0                        PROVIDE (__init_array_end = .)
                0x080074e0                        . = ALIGN (0x4)

.fini_array     0x080074e0        0x4
                0x080074e0                        . = ALIGN (0x4)
                [!provide]                        PROVIDE (__fini_array_start = .)
 *(SORT_BY_NAME(.fini_array.*))
 *(.fini_array*)
 .fini_array    0x080074e0        0x4 C:/ST/STM32CubeIDE_1.16.0/STM32CubeIDE/plugins/com.st.stm32cube.ide.mcu.externaltools.gnu-tools-for-stm32.12.3.rel1.win32_1.0.200.202406191623/tools/bin/../lib/gcc/arm-none-eabi/12.3.1/thumb/v7-m/nofp/crtbegin.o
                [!provide]                        PROVIDE (__fini_array_end = .)
                0x080074e4                        . = ALIGN (0x4)
                0x080074e4                        _sidata = LOADADDR (.data)

.rel.dyn        0x080074e4        0x0
 .rel.iplt      0x080074e4        0x0 C:/ST/STM32CubeIDE_1.16.0/STM32CubeIDE/plugins/com.st.stm32cube.ide.mcu.externaltools.gnu-tools-for-stm32.12.3.rel1.win32_1.0.200.202406191623/tools/bin/../lib/gcc/arm-none-eabi/12.3.1/thumb/v7-m/nofp/crtbegin.o

.data           0x20000000      0x19c load address 0x080074e4
                0x20000000                        . = ALIGN (0x4)
                0x20000000                        _sdata = .
 *(.data)
 *(.data*)
 .data.buffer   0x20000000       0x1e ./Core/Src/main.o
                0x20000000                buffer
 *fill*         0x2000001e        0x2 
 .data.rx_Buffer
                0x20000020      0x100 ./Core/Src/main.o
                0x20000020                rx_Buffer
 .data.errorMeg
                0x20000120       0x19 ./Core/Src/main.o
                0x20000120                errorMeg
 *fill*         0x20000139        0x3 
 .data.SystemCoreClock
                0x2000013c        0x4 ./Core/Src/system_stm32f1xx.o
                0x2000013c                SystemCoreClock
 .data.uwTickPrio
                0x20000140        0x4 ./Drivers/STM32F1xx_HAL_Driver/Src/stm32f1xx_hal.o
                0x20000140                uwTickPrio
 .data.uwTickFreq
                0x20000144        0x1 ./Drivers/STM32F1xx_HAL_Driver/Src/stm32f1xx_hal.o
                0x20000144                uwTickFreq
 *fill*         0x20000145        0x3 
 .data.uxCriticalNesting
                0x20000148        0x4 ./Middlewares/Third_Party/FreeRTOS/Source/portable/GCC/ARM_CM3/port.o
 .data._impure_ptr
                0x2000014c        0x4 C:/ST/STM32CubeIDE_1.16.0/STM32CubeIDE/plugins/com.st.stm32cube.ide.mcu.externaltools.gnu-tools-for-stm32.12.3.rel1.win32_1.0.200.202406191623/tools/bin/../lib/gcc/arm-none-eabi/12.3.1/../../../../arm-none-eabi/lib/thumb/v7-m/nofp\libc_nano.a(libc_a-impure.o)
                0x2000014c                _impure_ptr
 .data._impure_data
                0x20000150       0x4c C:/ST/STM32CubeIDE_1.16.0/STM32CubeIDE/plugins/com.st.stm32cube.ide.mcu.externaltools.gnu-tools-for-stm32.12.3.rel1.win32_1.0.200.202406191623/tools/bin/../lib/gcc/arm-none-eabi/12.3.1/../../../../arm-none-eabi/lib/thumb/v7-m/nofp\libc_nano.a(libc_a-impure.o)
                0x20000150                _impure_data
 *(.RamFunc)
 *(.RamFunc*)
                0x2000019c                        . = ALIGN (0x4)
                0x2000019c                        _edata = .

.igot.plt       0x2000019c        0x0 load address 0x08007680
 .igot.plt      0x2000019c        0x0 C:/ST/STM32CubeIDE_1.16.0/STM32CubeIDE/plugins/com.st.stm32cube.ide.mcu.externaltools.gnu-tools-for-stm32.12.3.rel1.win32_1.0.200.202406191623/tools/bin/../lib/gcc/arm-none-eabi/12.3.1/thumb/v7-m/nofp/crtbegin.o
                0x2000019c                        . = ALIGN (0x4)

.bss            0x2000019c     0x1290 load address 0x08007680
                0x2000019c                        _sbss = .
                0x2000019c                        __bss_start__ = _sbss
 *(.bss)
 .bss           0x2000019c       0x1c C:/ST/STM32CubeIDE_1.16.0/STM32CubeIDE/plugins/com.st.stm32cube.ide.mcu.externaltools.gnu-tools-for-stm32.12.3.rel1.win32_1.0.200.202406191623/tools/bin/../lib/gcc/arm-none-eabi/12.3.1/thumb/v7-m/nofp/crtbegin.o
 *(.bss*)
 .bss.xIdleTaskTCBBuffer
                0x200001b8       0x54 ./Core/Src/freertos.o
 .bss.xIdleStack
                0x2000020c      0x200 ./Core/Src/freertos.o
 .bss.htim1     0x2000040c       0x48 ./Core/Src/main.o
                0x2000040c                htim1
 .bss.htim2     0x20000454       0x48 ./Core/Src/main.o
                0x20000454                htim2
 .bss.htim3     0x2000049c       0x48 ./Core/Src/main.o
                0x2000049c                htim3
 .bss.huart2    0x200004e4       0x48 ./Core/Src/main.o
                0x200004e4                huart2
 .bss.ControlTaskHandle
                0x2000052c        0x4 ./Core/Src/main.o
                0x2000052c                ControlTaskHandle
 .bss.EncoderTaskHandle
                0x20000530        0x4 ./Core/Src/main.o
                0x20000530                EncoderTaskHandle
 .bss.myBinarySem01Handle
                0x20000534        0x4 ./Core/Src/main.o
                0x20000534                myBinarySem01Handle
 .bss.ptr       0x20000538        0x4 ./Core/Src/main.o
                0x20000538                ptr
 .bss.motorValue
                0x2000053c        0x1 ./Core/Src/main.o
                0x2000053c                motorValue
 .bss.servoValue
                0x2000053d        0x1 ./Core/Src/main.o
                0x2000053d                servoValue
 .bss.rx_index  0x2000053e        0x1 ./Core/Src/main.o
                0x2000053e                rx_index
 .bss.dataComplete
                0x2000053f        0x1 ./Core/Src/main.o
                0x2000053f                dataComplete
 .bss.htim4     0x20000540       0x48 ./Core/Src/stm32f1xx_hal_timebase_tim.o
                0x20000540                htim4
 .bss.__sbrk_heap_end
                0x20000588        0x4 ./Core/Src/sysmem.o
 .bss.uwTick    0x2000058c        0x4 ./Drivers/STM32F1xx_HAL_Driver/Src/stm32f1xx_hal.o
                0x2000058c                uwTick
 .bss.pxCurrentTCB
                0x20000590        0x4 ./Middlewares/Third_Party/FreeRTOS/Source/tasks.o
                0x20000590                pxCurrentTCB
 .bss.pxReadyTasksLists
                0x20000594       0x8c ./Middlewares/Third_Party/FreeRTOS/Source/tasks.o
 .bss.xDelayedTaskList1
                0x20000620       0x14 ./Middlewares/Third_Party/FreeRTOS/Source/tasks.o
 .bss.xDelayedTaskList2
                0x20000634       0x14 ./Middlewares/Third_Party/FreeRTOS/Source/tasks.o
 .bss.pxDelayedTaskList
                0x20000648        0x4 ./Middlewares/Third_Party/FreeRTOS/Source/tasks.o
 .bss.pxOverflowDelayedTaskList
                0x2000064c        0x4 ./Middlewares/Third_Party/FreeRTOS/Source/tasks.o
 .bss.xPendingReadyList
                0x20000650       0x14 ./Middlewares/Third_Party/FreeRTOS/Source/tasks.o
 .bss.xTasksWaitingTermination
                0x20000664       0x14 ./Middlewares/Third_Party/FreeRTOS/Source/tasks.o
 .bss.uxDeletedTasksWaitingCleanUp
                0x20000678        0x4 ./Middlewares/Third_Party/FreeRTOS/Source/tasks.o
 .bss.xSuspendedTaskList
                0x2000067c       0x14 ./Middlewares/Third_Party/FreeRTOS/Source/tasks.o
 .bss.uxCurrentNumberOfTasks
                0x20000690        0x4 ./Middlewares/Third_Party/FreeRTOS/Source/tasks.o
 .bss.xTickCount
                0x20000694        0x4 ./Middlewares/Third_Party/FreeRTOS/Source/tasks.o
 .bss.uxTopReadyPriority
                0x20000698        0x4 ./Middlewares/Third_Party/FreeRTOS/Source/tasks.o
 .bss.xSchedulerRunning
                0x2000069c        0x4 ./Middlewares/Third_Party/FreeRTOS/Source/tasks.o
 .bss.xPendedTicks
                0x200006a0        0x4 ./Middlewares/Third_Party/FreeRTOS/Source/tasks.o
 .bss.xYieldPending
                0x200006a4        0x4 ./Middlewares/Third_Party/FreeRTOS/Source/tasks.o
 .bss.xNumOfOverflows
                0x200006a8        0x4 ./Middlewares/Third_Party/FreeRTOS/Source/tasks.o
 .bss.uxTaskNumber
                0x200006ac        0x4 ./Middlewares/Third_Party/FreeRTOS/Source/tasks.o
 .bss.xNextTaskUnblockTime
                0x200006b0        0x4 ./Middlewares/Third_Party/FreeRTOS/Source/tasks.o
 .bss.xIdleTaskHandle
                0x200006b4        0x4 ./Middlewares/Third_Party/FreeRTOS/Source/tasks.o
 .bss.uxSchedulerSuspended
                0x200006b8        0x4 ./Middlewares/Third_Party/FreeRTOS/Source/tasks.o
 .bss.ucMaxSysCallPriority
                0x200006bc        0x1 ./Middlewares/Third_Party/FreeRTOS/Source/portable/GCC/ARM_CM3/port.o
 *fill*         0x200006bd        0x3 
 .bss.ulMaxPRIGROUPValue
                0x200006c0        0x4 ./Middlewares/Third_Party/FreeRTOS/Source/portable/GCC/ARM_CM3/port.o
 .bss.ucHeap    0x200006c4      0xc00 ./Middlewares/Third_Party/FreeRTOS/Source/portable/MemMang/heap_4.o
 .bss.xStart    0x200012c4        0x8 ./Middlewares/Third_Party/FreeRTOS/Source/portable/MemMang/heap_4.o
 .bss.pxEnd     0x200012cc        0x4 ./Middlewares/Third_Party/FreeRTOS/Source/portable/MemMang/heap_4.o
 .bss.xFreeBytesRemaining
                0x200012d0        0x4 ./Middlewares/Third_Party/FreeRTOS/Source/portable/MemMang/heap_4.o
 .bss.xMinimumEverFreeBytesRemaining
                0x200012d4        0x4 ./Middlewares/Third_Party/FreeRTOS/Source/portable/MemMang/heap_4.o
 .bss.xNumberOfSuccessfulAllocations
                0x200012d8        0x4 ./Middlewares/Third_Party/FreeRTOS/Source/portable/MemMang/heap_4.o
 .bss.xNumberOfSuccessfulFrees
                0x200012dc        0x4 ./Middlewares/Third_Party/FreeRTOS/Source/portable/MemMang/heap_4.o
 .bss.xBlockAllocatedBit
                0x200012e0        0x4 ./Middlewares/Third_Party/FreeRTOS/Source/portable/MemMang/heap_4.o
 .bss.__sf      0x200012e4      0x138 C:/ST/STM32CubeIDE_1.16.0/STM32CubeIDE/plugins/com.st.stm32cube.ide.mcu.externaltools.gnu-tools-for-stm32.12.3.rel1.win32_1.0.200.202406191623/tools/bin/../lib/gcc/arm-none-eabi/12.3.1/../../../../arm-none-eabi/lib/thumb/v7-m/nofp\libc_nano.a(libc_a-findfp.o)
                0x200012e4                __sf
 .bss.errno     0x2000141c        0x4 C:/ST/STM32CubeIDE_1.16.0/STM32CubeIDE/plugins/com.st.stm32cube.ide.mcu.externaltools.gnu-tools-for-stm32.12.3.rel1.win32_1.0.200.202406191623/tools/bin/../lib/gcc/arm-none-eabi/12.3.1/../../../../arm-none-eabi/lib/thumb/v7-m/nofp\libc_nano.a(libc_a-reent.o)
                0x2000141c                errno
 .bss.__lock___malloc_recursive_mutex
                0x20001420        0x1 C:/ST/STM32CubeIDE_1.16.0/STM32CubeIDE/plugins/com.st.stm32cube.ide.mcu.externaltools.gnu-tools-for-stm32.12.3.rel1.win32_1.0.200.202406191623/tools/bin/../lib/gcc/arm-none-eabi/12.3.1/../../../../arm-none-eabi/lib/thumb/v7-m/nofp\libc_nano.a(libc_a-lock.o)
                0x20001420                __lock___malloc_recursive_mutex
 *fill*         0x20001421        0x3 
 .bss.__malloc_sbrk_start
                0x20001424        0x4 C:/ST/STM32CubeIDE_1.16.0/STM32CubeIDE/plugins/com.st.stm32cube.ide.mcu.externaltools.gnu-tools-for-stm32.12.3.rel1.win32_1.0.200.202406191623/tools/bin/../lib/gcc/arm-none-eabi/12.3.1/../../../../arm-none-eabi/lib/thumb/v7-m/nofp\libc_nano.a(libc_a-mallocr.o)
                0x20001424                __malloc_sbrk_start
 .bss.__malloc_free_list
                0x20001428        0x4 C:/ST/STM32CubeIDE_1.16.0/STM32CubeIDE/plugins/com.st.stm32cube.ide.mcu.externaltools.gnu-tools-for-stm32.12.3.rel1.win32_1.0.200.202406191623/tools/bin/../lib/gcc/arm-none-eabi/12.3.1/../../../../arm-none-eabi/lib/thumb/v7-m/nofp\libc_nano.a(libc_a-mallocr.o)
                0x20001428                __malloc_free_list
 *(COMMON)
                0x2000142c                        . = ALIGN (0x4)
                0x2000142c                        _ebss = .
                0x2000142c                        __bss_end__ = _ebss

._user_heap_stack
                0x2000142c      0x604 load address 0x08007680
                0x20001430                        . = ALIGN (0x8)
 *fill*         0x2000142c        0x4 
                [!provide]                        PROVIDE (end = .)
                0x20001430                        PROVIDE (_end = .)
                0x20001630                        . = (. + _Min_Heap_Size)
 *fill*         0x20001430      0x200 
                0x20001a30                        . = (. + _Min_Stack_Size)
 *fill*         0x20001630      0x400 
                0x20001a30                        . = ALIGN (0x8)

/DISCARD/
 libc.a(*)
 libm.a(*)
 libgcc.a(*)

.ARM.attributes
                0x00000000       0x29
 *(.ARM.attributes)
 .ARM.attributes
                0x00000000       0x1d C:/ST/STM32CubeIDE_1.16.0/STM32CubeIDE/plugins/com.st.stm32cube.ide.mcu.externaltools.gnu-tools-for-stm32.12.3.rel1.win32_1.0.200.202406191623/tools/bin/../lib/gcc/arm-none-eabi/12.3.1/thumb/v7-m/nofp/crti.o
 .ARM.attributes
                0x0000001d       0x2d C:/ST/STM32CubeIDE_1.16.0/STM32CubeIDE/plugins/com.st.stm32cube.ide.mcu.externaltools.gnu-tools-for-stm32.12.3.rel1.win32_1.0.200.202406191623/tools/bin/../lib/gcc/arm-none-eabi/12.3.1/thumb/v7-m/nofp/crtbegin.o
 .ARM.attributes
                0x0000004a       0x2d ./Core/Src/freertos.o
 .ARM.attributes
                0x00000077       0x2d ./Core/Src/main.o
 .ARM.attributes
                0x000000a4       0x2d ./Core/Src/stm32f1xx_hal_msp.o
 .ARM.attributes
                0x000000d1       0x2d ./Core/Src/stm32f1xx_hal_timebase_tim.o
 .ARM.attributes
                0x000000fe       0x2d ./Core/Src/stm32f1xx_it.o
 .ARM.attributes
                0x0000012b       0x2d ./Core/Src/sysmem.o
 .ARM.attributes
                0x00000158       0x2d ./Core/Src/system_stm32f1xx.o
 .ARM.attributes
                0x00000185       0x21 ./Core/Startup/startup_stm32f103rbtx.o
 .ARM.attributes
                0x000001a6       0x2d ./Drivers/STM32F1xx_HAL_Driver/Src/stm32f1xx_hal.o
 .ARM.attributes
                0x000001d3       0x2d ./Drivers/STM32F1xx_HAL_Driver/Src/stm32f1xx_hal_cortex.o
 .ARM.attributes
                0x00000200       0x2d ./Drivers/STM32F1xx_HAL_Driver/Src/stm32f1xx_hal_dma.o
 .ARM.attributes
                0x0000022d       0x2d ./Drivers/STM32F1xx_HAL_Driver/Src/stm32f1xx_hal_gpio.o
 .ARM.attributes
                0x0000025a       0x2d ./Drivers/STM32F1xx_HAL_Driver/Src/stm32f1xx_hal_rcc.o
 .ARM.attributes
                0x00000287       0x2d ./Drivers/STM32F1xx_HAL_Driver/Src/stm32f1xx_hal_tim.o
 .ARM.attributes
                0x000002b4       0x2d ./Drivers/STM32F1xx_HAL_Driver/Src/stm32f1xx_hal_tim_ex.o
 .ARM.attributes
                0x000002e1       0x2d ./Drivers/STM32F1xx_HAL_Driver/Src/stm32f1xx_hal_uart.o
 .ARM.attributes
                0x0000030e       0x2d ./Middlewares/Third_Party/FreeRTOS/Source/CMSIS_RTOS/cmsis_os.o
 .ARM.attributes
                0x0000033b       0x2d ./Middlewares/Third_Party/FreeRTOS/Source/list.o
 .ARM.attributes
                0x00000368       0x2d ./Middlewares/Third_Party/FreeRTOS/Source/queue.o
 .ARM.attributes
                0x00000395       0x2d ./Middlewares/Third_Party/FreeRTOS/Source/tasks.o
 .ARM.attributes
                0x000003c2       0x2d ./Middlewares/Third_Party/FreeRTOS/Source/portable/GCC/ARM_CM3/port.o
 .ARM.attributes
                0x000003ef       0x2d ./Middlewares/Third_Party/FreeRTOS/Source/portable/MemMang/heap_4.o
 .ARM.attributes
                0x0000041c       0x2d C:/ST/STM32CubeIDE_1.16.0/STM32CubeIDE/plugins/com.st.stm32cube.ide.mcu.externaltools.gnu-tools-for-stm32.12.3.rel1.win32_1.0.200.202406191623/tools/bin/../lib/gcc/arm-none-eabi/12.3.1/../../../../arm-none-eabi/lib/thumb/v7-m/nofp\libc_nano.a(libc_a-atoi.o)
 .ARM.attributes
                0x00000449       0x2d C:/ST/STM32CubeIDE_1.16.0/STM32CubeIDE/plugins/com.st.stm32cube.ide.mcu.externaltools.gnu-tools-for-stm32.12.3.rel1.win32_1.0.200.202406191623/tools/bin/../lib/gcc/arm-none-eabi/12.3.1/../../../../arm-none-eabi/lib/thumb/v7-m/nofp\libc_nano.a(libc_a-strtol.o)
 .ARM.attributes
                0x00000476       0x2d C:/ST/STM32CubeIDE_1.16.0/STM32CubeIDE/plugins/com.st.stm32cube.ide.mcu.externaltools.gnu-tools-for-stm32.12.3.rel1.win32_1.0.200.202406191623/tools/bin/../lib/gcc/arm-none-eabi/12.3.1/../../../../arm-none-eabi/lib/thumb/v7-m/nofp\libc_nano.a(libc_a-ctype_.o)
 .ARM.attributes
                0x000004a3       0x2d C:/ST/STM32CubeIDE_1.16.0/STM32CubeIDE/plugins/com.st.stm32cube.ide.mcu.externaltools.gnu-tools-for-stm32.12.3.rel1.win32_1.0.200.202406191623/tools/bin/../lib/gcc/arm-none-eabi/12.3.1/../../../../arm-none-eabi/lib/thumb/v7-m/nofp\libc_nano.a(libc_a-findfp.o)
 .ARM.attributes
                0x000004d0       0x2d C:/ST/STM32CubeIDE_1.16.0/STM32CubeIDE/plugins/com.st.stm32cube.ide.mcu.externaltools.gnu-tools-for-stm32.12.3.rel1.win32_1.0.200.202406191623/tools/bin/../lib/gcc/arm-none-eabi/12.3.1/../../../../arm-none-eabi/lib/thumb/v7-m/nofp\libc_nano.a(libc_a-sprintf.o)
 .ARM.attributes
                0x000004fd       0x2d C:/ST/STM32CubeIDE_1.16.0/STM32CubeIDE/plugins/com.st.stm32cube.ide.mcu.externaltools.gnu-tools-for-stm32.12.3.rel1.win32_1.0.200.202406191623/tools/bin/../lib/gcc/arm-none-eabi/12.3.1/../../../../arm-none-eabi/lib/thumb/v7-m/nofp\libc_nano.a(libc_a-memset.o)
 .ARM.attributes
                0x0000052a       0x2d C:/ST/STM32CubeIDE_1.16.0/STM32CubeIDE/plugins/com.st.stm32cube.ide.mcu.externaltools.gnu-tools-for-stm32.12.3.rel1.win32_1.0.200.202406191623/tools/bin/../lib/gcc/arm-none-eabi/12.3.1/../../../../arm-none-eabi/lib/thumb/v7-m/nofp\libc_nano.a(libc_a-reent.o)
 .ARM.attributes
                0x00000557       0x2d C:/ST/STM32CubeIDE_1.16.0/STM32CubeIDE/plugins/com.st.stm32cube.ide.mcu.externaltools.gnu-tools-for-stm32.12.3.rel1.win32_1.0.200.202406191623/tools/bin/../lib/gcc/arm-none-eabi/12.3.1/../../../../arm-none-eabi/lib/thumb/v7-m/nofp\libc_nano.a(libc_a-impure.o)
 .ARM.attributes
                0x00000584       0x2d C:/ST/STM32CubeIDE_1.16.0/STM32CubeIDE/plugins/com.st.stm32cube.ide.mcu.externaltools.gnu-tools-for-stm32.12.3.rel1.win32_1.0.200.202406191623/tools/bin/../lib/gcc/arm-none-eabi/12.3.1/../../../../arm-none-eabi/lib/thumb/v7-m/nofp\libc_nano.a(libc_a-errno.o)
 .ARM.attributes
                0x000005b1       0x2d C:/ST/STM32CubeIDE_1.16.0/STM32CubeIDE/plugins/com.st.stm32cube.ide.mcu.externaltools.gnu-tools-for-stm32.12.3.rel1.win32_1.0.200.202406191623/tools/bin/../lib/gcc/arm-none-eabi/12.3.1/../../../../arm-none-eabi/lib/thumb/v7-m/nofp\libc_nano.a(libc_a-init.o)
 .ARM.attributes
                0x000005de       0x2d C:/ST/STM32CubeIDE_1.16.0/STM32CubeIDE/plugins/com.st.stm32cube.ide.mcu.externaltools.gnu-tools-for-stm32.12.3.rel1.win32_1.0.200.202406191623/tools/bin/../lib/gcc/arm-none-eabi/12.3.1/../../../../arm-none-eabi/lib/thumb/v7-m/nofp\libc_nano.a(libc_a-lock.o)
 .ARM.attributes
                0x0000060b       0x2d C:/ST/STM32CubeIDE_1.16.0/STM32CubeIDE/plugins/com.st.stm32cube.ide.mcu.externaltools.gnu-tools-for-stm32.12.3.rel1.win32_1.0.200.202406191623/tools/bin/../lib/gcc/arm-none-eabi/12.3.1/../../../../arm-none-eabi/lib/thumb/v7-m/nofp\libc_nano.a(libc_a-memcpy-stub.o)
 .ARM.attributes
                0x00000638       0x17 C:/ST/STM32CubeIDE_1.16.0/STM32CubeIDE/plugins/com.st.stm32cube.ide.mcu.externaltools.gnu-tools-for-stm32.12.3.rel1.win32_1.0.200.202406191623/tools/bin/../lib/gcc/arm-none-eabi/12.3.1/../../../../arm-none-eabi/lib/thumb/v7-m/nofp\libc_nano.a(libc_a-strlen.o)
 .ARM.attributes
                0x0000064f       0x2d C:/ST/STM32CubeIDE_1.16.0/STM32CubeIDE/plugins/com.st.stm32cube.ide.mcu.externaltools.gnu-tools-for-stm32.12.3.rel1.win32_1.0.200.202406191623/tools/bin/../lib/gcc/arm-none-eabi/12.3.1/../../../../arm-none-eabi/lib/thumb/v7-m/nofp\libc_nano.a(libc_a-freer.o)
 .ARM.attributes
                0x0000067c       0x2d C:/ST/STM32CubeIDE_1.16.0/STM32CubeIDE/plugins/com.st.stm32cube.ide.mcu.externaltools.gnu-tools-for-stm32.12.3.rel1.win32_1.0.200.202406191623/tools/bin/../lib/gcc/arm-none-eabi/12.3.1/../../../../arm-none-eabi/lib/thumb/v7-m/nofp\libc_nano.a(libc_a-mallocr.o)
 .ARM.attributes
                0x000006a9       0x2d C:/ST/STM32CubeIDE_1.16.0/STM32CubeIDE/plugins/com.st.stm32cube.ide.mcu.externaltools.gnu-tools-for-stm32.12.3.rel1.win32_1.0.200.202406191623/tools/bin/../lib/gcc/arm-none-eabi/12.3.1/../../../../arm-none-eabi/lib/thumb/v7-m/nofp\libc_nano.a(libc_a-mlock.o)
 .ARM.attributes
                0x000006d6       0x2d C:/ST/STM32CubeIDE_1.16.0/STM32CubeIDE/plugins/com.st.stm32cube.ide.mcu.externaltools.gnu-tools-for-stm32.12.3.rel1.win32_1.0.200.202406191623/tools/bin/../lib/gcc/arm-none-eabi/12.3.1/../../../../arm-none-eabi/lib/thumb/v7-m/nofp\libc_nano.a(libc_a-nano-svfprintf.o)
 .ARM.attributes
                0x00000703       0x2d C:/ST/STM32CubeIDE_1.16.0/STM32CubeIDE/plugins/com.st.stm32cube.ide.mcu.externaltools.gnu-tools-for-stm32.12.3.rel1.win32_1.0.200.202406191623/tools/bin/../lib/gcc/arm-none-eabi/12.3.1/../../../../arm-none-eabi/lib/thumb/v7-m/nofp\libc_nano.a(libc_a-nano-vfprintf_i.o)
 .ARM.attributes
                0x00000730       0x2d C:/ST/STM32CubeIDE_1.16.0/STM32CubeIDE/plugins/com.st.stm32cube.ide.mcu.externaltools.gnu-tools-for-stm32.12.3.rel1.win32_1.0.200.202406191623/tools/bin/../lib/gcc/arm-none-eabi/12.3.1/../../../../arm-none-eabi/lib/thumb/v7-m/nofp\libc_nano.a(libc_a-memmove.o)
 .ARM.attributes
                0x0000075d       0x2d C:/ST/STM32CubeIDE_1.16.0/STM32CubeIDE/plugins/com.st.stm32cube.ide.mcu.externaltools.gnu-tools-for-stm32.12.3.rel1.win32_1.0.200.202406191623/tools/bin/../lib/gcc/arm-none-eabi/12.3.1/../../../../arm-none-eabi/lib/thumb/v7-m/nofp\libc_nano.a(libc_a-sbrkr.o)
 .ARM.attributes
                0x0000078a       0x2d C:/ST/STM32CubeIDE_1.16.0/STM32CubeIDE/plugins/com.st.stm32cube.ide.mcu.externaltools.gnu-tools-for-stm32.12.3.rel1.win32_1.0.200.202406191623/tools/bin/../lib/gcc/arm-none-eabi/12.3.1/../../../../arm-none-eabi/lib/thumb/v7-m/nofp\libc_nano.a(libc_a-memchr-stub.o)
 .ARM.attributes
                0x000007b7       0x2d C:/ST/STM32CubeIDE_1.16.0/STM32CubeIDE/plugins/com.st.stm32cube.ide.mcu.externaltools.gnu-tools-for-stm32.12.3.rel1.win32_1.0.200.202406191623/tools/bin/../lib/gcc/arm-none-eabi/12.3.1/../../../../arm-none-eabi/lib/thumb/v7-m/nofp\libc_nano.a(libc_a-reallocr.o)
 .ARM.attributes
                0x000007e4       0x2d C:/ST/STM32CubeIDE_1.16.0/STM32CubeIDE/plugins/com.st.stm32cube.ide.mcu.externaltools.gnu-tools-for-stm32.12.3.rel1.win32_1.0.200.202406191623/tools/bin/../lib/gcc/arm-none-eabi/12.3.1/../../../../arm-none-eabi/lib/thumb/v7-m/nofp\libc_nano.a(libc_a-msizer.o)
 .ARM.attributes
                0x00000811       0x1d C:/ST/STM32CubeIDE_1.16.0/STM32CubeIDE/plugins/com.st.stm32cube.ide.mcu.externaltools.gnu-tools-for-stm32.12.3.rel1.win32_1.0.200.202406191623/tools/bin/../lib/gcc/arm-none-eabi/12.3.1/thumb/v7-m/nofp\libgcc.a(_arm_mulsf3.o)
 .ARM.attributes
                0x0000082e       0x1d C:/ST/STM32CubeIDE_1.16.0/STM32CubeIDE/plugins/com.st.stm32cube.ide.mcu.externaltools.gnu-tools-for-stm32.12.3.rel1.win32_1.0.200.202406191623/tools/bin/../lib/gcc/arm-none-eabi/12.3.1/thumb/v7-m/nofp\libgcc.a(_arm_addsubsf3.o)
 .ARM.attributes
                0x0000084b       0x1d C:/ST/STM32CubeIDE_1.16.0/STM32CubeIDE/plugins/com.st.stm32cube.ide.mcu.externaltools.gnu-tools-for-stm32.12.3.rel1.win32_1.0.200.202406191623/tools/bin/../lib/gcc/arm-none-eabi/12.3.1/thumb/v7-m/nofp\libgcc.a(_arm_fixunssfsi.o)
 .ARM.attributes
                0x00000868       0x1d C:/ST/STM32CubeIDE_1.16.0/STM32CubeIDE/plugins/com.st.stm32cube.ide.mcu.externaltools.gnu-tools-for-stm32.12.3.rel1.win32_1.0.200.202406191623/tools/bin/../lib/gcc/arm-none-eabi/12.3.1/thumb/v7-m/nofp/crtn.o
OUTPUT(ver2.elf elf32-littlearm)
LOAD linker stubs
LOAD C:/ST/STM32CubeIDE_1.16.0/STM32CubeIDE/plugins/com.st.stm32cube.ide.mcu.externaltools.gnu-tools-for-stm32.12.3.rel1.win32_1.0.200.202406191623/tools/bin/../lib/gcc/arm-none-eabi/12.3.1/../../../../arm-none-eabi/lib/thumb/v7-m/nofp\libc.a
LOAD C:/ST/STM32CubeIDE_1.16.0/STM32CubeIDE/plugins/com.st.stm32cube.ide.mcu.externaltools.gnu-tools-for-stm32.12.3.rel1.win32_1.0.200.202406191623/tools/bin/../lib/gcc/arm-none-eabi/12.3.1/../../../../arm-none-eabi/lib/thumb/v7-m/nofp\libm.a
LOAD C:/ST/STM32CubeIDE_1.16.0/STM32CubeIDE/plugins/com.st.stm32cube.ide.mcu.externaltools.gnu-tools-for-stm32.12.3.rel1.win32_1.0.200.202406191623/tools/bin/../lib/gcc/arm-none-eabi/12.3.1/thumb/v7-m/nofp\libgcc.a

.debug_info     0x00000000    0x13000
 .debug_info    0x00000000      0x279 ./Core/Src/freertos.o
 .debug_info    0x00000279     0x19f3 ./Core/Src/main.o
 .debug_info    0x00001c6c      0xe75 ./Core/Src/stm32f1xx_hal_msp.o
 .debug_info    0x00002ae1      0x9a8 ./Core/Src/stm32f1xx_hal_timebase_tim.o
 .debug_info    0x00003489      0x913 ./Core/Src/stm32f1xx_it.o
 .debug_info    0x00003d9c      0x168 ./Core/Src/sysmem.o
 .debug_info    0x00003f04      0x222 ./Core/Src/system_stm32f1xx.o
 .debug_info    0x00004126       0x30 ./Core/Startup/startup_stm32f103rbtx.o
 .debug_info    0x00004156      0x704 ./Drivers/STM32F1xx_HAL_Driver/Src/stm32f1xx_hal.o
 .debug_info    0x0000485a      0xa87 ./Drivers/STM32F1xx_HAL_Driver/Src/stm32f1xx_hal_cortex.o
 .debug_info    0x000052e1      0x6d2 ./Drivers/STM32F1xx_HAL_Driver/Src/stm32f1xx_hal_dma.o
 .debug_info    0x000059b3      0x5ab ./Drivers/STM32F1xx_HAL_Driver/Src/stm32f1xx_hal_gpio.o
 .debug_info    0x00005f5e      0x7d5 ./Drivers/STM32F1xx_HAL_Driver/Src/stm32f1xx_hal_rcc.o
 .debug_info    0x00006733     0x2959 ./Drivers/STM32F1xx_HAL_Driver/Src/stm32f1xx_hal_tim.o
 .debug_info    0x0000908c     0x149b ./Drivers/STM32F1xx_HAL_Driver/Src/stm32f1xx_hal_tim_ex.o
 .debug_info    0x0000a527     0x2eed ./Drivers/STM32F1xx_HAL_Driver/Src/stm32f1xx_hal_uart.o
 .debug_info    0x0000d414     0x1b60 ./Middlewares/Third_Party/FreeRTOS/Source/CMSIS_RTOS/cmsis_os.o
 .debug_info    0x0000ef74      0x2af ./Middlewares/Third_Party/FreeRTOS/Source/list.o
 .debug_info    0x0000f223     0x17cd ./Middlewares/Third_Party/FreeRTOS/Source/queue.o
 .debug_info    0x000109f0     0x1ca7 ./Middlewares/Third_Party/FreeRTOS/Source/tasks.o
 .debug_info    0x00012697      0x494 ./Middlewares/Third_Party/FreeRTOS/Source/portable/GCC/ARM_CM3/port.o
 .debug_info    0x00012b2b      0x4d5 ./Middlewares/Third_Party/FreeRTOS/Source/portable/MemMang/heap_4.o

.debug_abbrev   0x00000000     0x2f84
 .debug_abbrev  0x00000000       0xd2 ./Core/Src/freertos.o
 .debug_abbrev  0x000000d2      0x34c ./Core/Src/main.o
 .debug_abbrev  0x0000041e      0x23b ./Core/Src/stm32f1xx_hal_msp.o
 .debug_abbrev  0x00000659      0x1f3 ./Core/Src/stm32f1xx_hal_timebase_tim.o
 .debug_abbrev  0x0000084c      0x188 ./Core/Src/stm32f1xx_it.o
 .debug_abbrev  0x000009d4       0xbc ./Core/Src/sysmem.o
 .debug_abbrev  0x00000a90      0x13f ./Core/Src/system_stm32f1xx.o
 .debug_abbrev  0x00000bcf       0x24 ./Core/Startup/startup_stm32f103rbtx.o
 .debug_abbrev  0x00000bf3      0x201 ./Drivers/STM32F1xx_HAL_Driver/Src/stm32f1xx_hal.o
 .debug_abbrev  0x00000df4      0x2f8 ./Drivers/STM32F1xx_HAL_Driver/Src/stm32f1xx_hal_cortex.o
 .debug_abbrev  0x000010ec      0x20b ./Drivers/STM32F1xx_HAL_Driver/Src/stm32f1xx_hal_dma.o
 .debug_abbrev  0x000012f7      0x1ca ./Drivers/STM32F1xx_HAL_Driver/Src/stm32f1xx_hal_gpio.o
 .debug_abbrev  0x000014c1      0x2b3 ./Drivers/STM32F1xx_HAL_Driver/Src/stm32f1xx_hal_rcc.o
 .debug_abbrev  0x00001774      0x277 ./Drivers/STM32F1xx_HAL_Driver/Src/stm32f1xx_hal_tim.o
 .debug_abbrev  0x000019eb      0x282 ./Drivers/STM32F1xx_HAL_Driver/Src/stm32f1xx_hal_tim_ex.o
 .debug_abbrev  0x00001c6d      0x2f8 ./Drivers/STM32F1xx_HAL_Driver/Src/stm32f1xx_hal_uart.o
 .debug_abbrev  0x00001f65      0x3a7 ./Middlewares/Third_Party/FreeRTOS/Source/CMSIS_RTOS/cmsis_os.o
 .debug_abbrev  0x0000230c       0xf5 ./Middlewares/Third_Party/FreeRTOS/Source/list.o
 .debug_abbrev  0x00002401      0x3b5 ./Middlewares/Third_Party/FreeRTOS/Source/queue.o
 .debug_abbrev  0x000027b6      0x359 ./Middlewares/Third_Party/FreeRTOS/Source/tasks.o
 .debug_abbrev  0x00002b0f      0x258 ./Middlewares/Third_Party/FreeRTOS/Source/portable/GCC/ARM_CM3/port.o
 .debug_abbrev  0x00002d67      0x21d ./Middlewares/Third_Party/FreeRTOS/Source/portable/MemMang/heap_4.o

.debug_aranges  0x00000000     0x1228
 .debug_aranges
                0x00000000       0x20 ./Core/Src/freertos.o
 .debug_aranges
                0x00000020       0x88 ./Core/Src/main.o
 .debug_aranges
                0x000000a8       0x58 ./Core/Src/stm32f1xx_hal_msp.o
 .debug_aranges
                0x00000100       0x30 ./Core/Src/stm32f1xx_hal_timebase_tim.o
 .debug_aranges
                0x00000130       0x58 ./Core/Src/stm32f1xx_it.o
 .debug_aranges
                0x00000188       0x20 ./Core/Src/sysmem.o
 .debug_aranges
                0x000001a8       0x28 ./Core/Src/system_stm32f1xx.o
 .debug_aranges
                0x000001d0       0x28 ./Core/Startup/startup_stm32f103rbtx.o
 .debug_aranges
                0x000001f8       0xe0 ./Drivers/STM32F1xx_HAL_Driver/Src/stm32f1xx_hal.o
 .debug_aranges
                0x000002d8      0x100 ./Drivers/STM32F1xx_HAL_Driver/Src/stm32f1xx_hal_cortex.o
 .debug_aranges
                0x000003d8       0x80 ./Drivers/STM32F1xx_HAL_Driver/Src/stm32f1xx_hal_dma.o
 .debug_aranges
                0x00000458       0x58 ./Drivers/STM32F1xx_HAL_Driver/Src/stm32f1xx_hal_gpio.o
 .debug_aranges
                0x000004b0       0x90 ./Drivers/STM32F1xx_HAL_Driver/Src/stm32f1xx_hal_rcc.o
 .debug_aranges
                0x00000540      0x3d0 ./Drivers/STM32F1xx_HAL_Driver/Src/stm32f1xx_hal_tim.o
 .debug_aranges
                0x00000910      0x168 ./Drivers/STM32F1xx_HAL_Driver/Src/stm32f1xx_hal_tim_ex.o
 .debug_aranges
                0x00000a78      0x208 ./Drivers/STM32F1xx_HAL_Driver/Src/stm32f1xx_hal_uart.o
 .debug_aranges
                0x00000c80      0x1d8 ./Middlewares/Third_Party/FreeRTOS/Source/CMSIS_RTOS/cmsis_os.o
 .debug_aranges
                0x00000e58       0x40 ./Middlewares/Third_Party/FreeRTOS/Source/list.o
 .debug_aranges
                0x00000e98      0x108 ./Middlewares/Third_Party/FreeRTOS/Source/queue.o
 .debug_aranges
                0x00000fa0      0x1b8 ./Middlewares/Third_Party/FreeRTOS/Source/tasks.o
 .debug_aranges
                0x00001158       0x78 ./Middlewares/Third_Party/FreeRTOS/Source/portable/GCC/ARM_CM3/port.o
 .debug_aranges
                0x000011d0       0x58 ./Middlewares/Third_Party/FreeRTOS/Source/portable/MemMang/heap_4.o

.debug_rnglists
                0x00000000      0xe21
 .debug_rnglists
                0x00000000       0x13 ./Core/Src/freertos.o
 .debug_rnglists
                0x00000013       0x6a ./Core/Src/main.o
 .debug_rnglists
                0x0000007d       0x3f ./Core/Src/stm32f1xx_hal_msp.o
 .debug_rnglists
                0x000000bc       0x20 ./Core/Src/stm32f1xx_hal_timebase_tim.o
 .debug_rnglists
                0x000000dc       0x3d ./Core/Src/stm32f1xx_it.o
 .debug_rnglists
                0x00000119       0x13 ./Core/Src/sysmem.o
 .debug_rnglists
                0x0000012c       0x1a ./Core/Src/system_stm32f1xx.o
 .debug_rnglists
                0x00000146       0x19 ./Core/Startup/startup_stm32f103rbtx.o
 .debug_rnglists
                0x0000015f       0xa3 ./Drivers/STM32F1xx_HAL_Driver/Src/stm32f1xx_hal.o
 .debug_rnglists
                0x00000202       0xbb ./Drivers/STM32F1xx_HAL_Driver/Src/stm32f1xx_hal_cortex.o
 .debug_rnglists
                0x000002bd       0x64 ./Drivers/STM32F1xx_HAL_Driver/Src/stm32f1xx_hal_dma.o
 .debug_rnglists
                0x00000321       0x3f ./Drivers/STM32F1xx_HAL_Driver/Src/stm32f1xx_hal_gpio.o
 .debug_rnglists
                0x00000360       0x6c ./Drivers/STM32F1xx_HAL_Driver/Src/stm32f1xx_hal_rcc.o
 .debug_rnglists
                0x000003cc      0x31a ./Drivers/STM32F1xx_HAL_Driver/Src/stm32f1xx_hal_tim.o
 .debug_rnglists
                0x000006e6      0x125 ./Drivers/STM32F1xx_HAL_Driver/Src/stm32f1xx_hal_tim_ex.o
 .debug_rnglists
                0x0000080b      0x1bc ./Drivers/STM32F1xx_HAL_Driver/Src/stm32f1xx_hal_uart.o
 .debug_rnglists
                0x000009c7      0x16a ./Middlewares/Third_Party/FreeRTOS/Source/CMSIS_RTOS/cmsis_os.o
 .debug_rnglists
                0x00000b31       0x2b ./Middlewares/Third_Party/FreeRTOS/Source/list.o
 .debug_rnglists
                0x00000b5c       0xcd ./Middlewares/Third_Party/FreeRTOS/Source/queue.o
 .debug_rnglists
                0x00000c29      0x15f ./Middlewares/Third_Party/FreeRTOS/Source/tasks.o
 .debug_rnglists
                0x00000d88       0x57 ./Middlewares/Third_Party/FreeRTOS/Source/portable/GCC/ARM_CM3/port.o
 .debug_rnglists
                0x00000ddf       0x42 ./Middlewares/Third_Party/FreeRTOS/Source/portable/MemMang/heap_4.o

.debug_macro    0x00000000    0x198c6
 .debug_macro   0x00000000      0x215 ./Core/Src/freertos.o
 .debug_macro   0x00000215      0xaa8 ./Core/Src/freertos.o
 .debug_macro   0x00000cbd      0x189 ./Core/Src/freertos.o
 .debug_macro   0x00000e46       0x22 ./Core/Src/freertos.o
 .debug_macro   0x00000e68       0x8e ./Core/Src/freertos.o
 .debug_macro   0x00000ef6       0x51 ./Core/Src/freertos.o
 .debug_macro   0x00000f47      0x103 ./Core/Src/freertos.o
 .debug_macro   0x0000104a       0x6a ./Core/Src/freertos.o
 .debug_macro   0x000010b4      0x1df ./Core/Src/freertos.o
 .debug_macro   0x00001293       0xd6 ./Core/Src/freertos.o
 .debug_macro   0x00001369      0x15a ./Core/Src/freertos.o
 .debug_macro   0x000014c3       0xde ./Core/Src/freertos.o
 .debug_macro   0x000015a1       0x1c ./Core/Src/freertos.o
 .debug_macro   0x000015bd       0x26 ./Core/Src/freertos.o
 .debug_macro   0x000015e3      0x519 ./Core/Src/freertos.o
 .debug_macro   0x00001afc       0xb5 ./Core/Src/freertos.o
 .debug_macro   0x00001bb1       0xaa ./Core/Src/freertos.o
 .debug_macro   0x00001c5b      0x21b ./Core/Src/freertos.o
 .debug_macro   0x00001e76       0x2e ./Core/Src/freertos.o
 .debug_macro   0x00001ea4       0x22 ./Core/Src/freertos.o
 .debug_macro   0x00001ec6       0x1c ./Core/Src/freertos.o
 .debug_macro   0x00001ee2       0x22 ./Core/Src/freertos.o
 .debug_macro   0x00001f04       0xbd ./Core/Src/freertos.o
 .debug_macro   0x00001fc1      0xd23 ./Core/Src/freertos.o
 .debug_macro   0x00002ce4     0xe09e ./Core/Src/freertos.o
 .debug_macro   0x00010d82       0x6d ./Core/Src/freertos.o
 .debug_macro   0x00010def     0x34a2 ./Core/Src/freertos.o
 .debug_macro   0x00014291       0x5c ./Core/Src/freertos.o
 .debug_macro   0x000142ed      0x5bc ./Core/Src/freertos.o
 .debug_macro   0x000148a9      0x289 ./Core/Src/freertos.o
 .debug_macro   0x00014b32      0x1cb ./Core/Src/freertos.o
 .debug_macro   0x00014cfd      0x114 ./Core/Src/freertos.o
 .debug_macro   0x00014e11      0x1b2 ./Core/Src/freertos.o
 .debug_macro   0x00014fc3       0x27 ./Core/Src/freertos.o
 .debug_macro   0x00014fea      0x136 ./Core/Src/freertos.o
 .debug_macro   0x00015120      0x1bc ./Core/Src/freertos.o
 .debug_macro   0x000152dc       0x34 ./Core/Src/freertos.o
 .debug_macro   0x00015310       0x3c ./Core/Src/freertos.o
 .debug_macro   0x0001534c       0x57 ./Core/Src/freertos.o
 .debug_macro   0x000153a3       0x87 ./Core/Src/freertos.o
 .debug_macro   0x0001542a      0x240 ./Core/Src/freertos.o
 .debug_macro   0x0001566a      0x140 ./Core/Src/freertos.o
 .debug_macro   0x000157aa      0x8ed ./Core/Src/freertos.o
 .debug_macro   0x00016097      0x28e ./Core/Src/freertos.o
 .debug_macro   0x00016325       0x83 ./Core/Src/freertos.o
 .debug_macro   0x000163a8      0x39c ./Core/Src/main.o
 .debug_macro   0x00016744       0xd6 ./Core/Src/main.o
 .debug_macro   0x0001681a       0x91 ./Core/Src/main.o
 .debug_macro   0x000168ab       0x8d ./Core/Src/main.o
 .debug_macro   0x00016938       0x7e ./Core/Src/main.o
 .debug_macro   0x000169b6       0x19 ./Core/Src/main.o
 .debug_macro   0x000169cf       0xf2 ./Core/Src/main.o
 .debug_macro   0x00016ac1       0x61 ./Core/Src/main.o
 .debug_macro   0x00016b22       0x24 ./Core/Src/main.o
 .debug_macro   0x00016b46       0x43 ./Core/Src/main.o
 .debug_macro   0x00016b89       0x34 ./Core/Src/main.o
 .debug_macro   0x00016bbd       0x16 ./Core/Src/main.o
 .debug_macro   0x00016bd3       0x43 ./Core/Src/main.o
 .debug_macro   0x00016c16       0x34 ./Core/Src/main.o
 .debug_macro   0x00016c4a       0x10 ./Core/Src/main.o
 .debug_macro   0x00016c5a       0x58 ./Core/Src/main.o
 .debug_macro   0x00016cb2       0x8e ./Core/Src/main.o
 .debug_macro   0x00016d40       0x1c ./Core/Src/main.o
 .debug_macro   0x00016d5c      0x177 ./Core/Src/main.o
 .debug_macro   0x00016ed3      0x369 ./Core/Src/main.o
 .debug_macro   0x0001723c       0x10 ./Core/Src/main.o
 .debug_macro   0x0001724c       0x35 ./Core/Src/main.o
 .debug_macro   0x00017281       0x20 ./Core/Src/main.o
 .debug_macro   0x000172a1       0x1c ./Core/Src/main.o
 .debug_macro   0x000172bd       0x10 ./Core/Src/main.o
 .debug_macro   0x000172cd       0x1c ./Core/Src/main.o
 .debug_macro   0x000172e9       0x16 ./Core/Src/main.o
 .debug_macro   0x000172ff      0x146 ./Core/Src/main.o
 .debug_macro   0x00017445       0x16 ./Core/Src/main.o
 .debug_macro   0x0001745b       0x16 ./Core/Src/main.o
 .debug_macro   0x00017471       0x29 ./Core/Src/main.o
 .debug_macro   0x0001749a      0x1ad ./Core/Src/stm32f1xx_hal_msp.o
 .debug_macro   0x00017647      0x1a3 ./Core/Src/stm32f1xx_hal_timebase_tim.o
 .debug_macro   0x000177ea      0x1b7 ./Core/Src/stm32f1xx_it.o
 .debug_macro   0x000179a1       0xff ./Core/Src/sysmem.o
 .debug_macro   0x00017aa0      0x23c ./Core/Src/sysmem.o
 .debug_macro   0x00017cdc      0x1a3 ./Core/Src/system_stm32f1xx.o
 .debug_macro   0x00017e7f      0x1c7 ./Drivers/STM32F1xx_HAL_Driver/Src/stm32f1xx_hal.o
 .debug_macro   0x00018046      0x1a3 ./Drivers/STM32F1xx_HAL_Driver/Src/stm32f1xx_hal_cortex.o
 .debug_macro   0x000181e9      0x1a3 ./Drivers/STM32F1xx_HAL_Driver/Src/stm32f1xx_hal_dma.o
 .debug_macro   0x0001838c      0x20e ./Drivers/STM32F1xx_HAL_Driver/Src/stm32f1xx_hal_gpio.o
 .debug_macro   0x0001859a      0x1b5 ./Drivers/STM32F1xx_HAL_Driver/Src/stm32f1xx_hal_rcc.o
 .debug_macro   0x0001874f      0x1a4 ./Drivers/STM32F1xx_HAL_Driver/Src/stm32f1xx_hal_tim.o
 .debug_macro   0x000188f3      0x1a3 ./Drivers/STM32F1xx_HAL_Driver/Src/stm32f1xx_hal_tim_ex.o
 .debug_macro   0x00018a96      0x1a4 ./Drivers/STM32F1xx_HAL_Driver/Src/stm32f1xx_hal_uart.o
 .debug_macro   0x00018c3a      0x1fe ./Middlewares/Third_Party/FreeRTOS/Source/CMSIS_RTOS/cmsis_os.o
 .debug_macro   0x00018e38       0xab ./Middlewares/Third_Party/FreeRTOS/Source/CMSIS_RTOS/cmsis_os.o
 .debug_macro   0x00018ee3      0x187 ./Middlewares/Third_Party/FreeRTOS/Source/list.o
 .debug_macro   0x0001906a      0x216 ./Middlewares/Third_Party/FreeRTOS/Source/queue.o
 .debug_macro   0x00019280       0x16 ./Middlewares/Third_Party/FreeRTOS/Source/queue.o
 .debug_macro   0x00019296       0x87 ./Middlewares/Third_Party/FreeRTOS/Source/queue.o
 .debug_macro   0x0001931d      0x279 ./Middlewares/Third_Party/FreeRTOS/Source/tasks.o
 .debug_macro   0x00019596       0x10 ./Middlewares/Third_Party/FreeRTOS/Source/tasks.o
 .debug_macro   0x000195a6      0x172 ./Middlewares/Third_Party/FreeRTOS/Source/portable/GCC/ARM_CM3/port.o
 .debug_macro   0x00019718      0x1ae ./Middlewares/Third_Party/FreeRTOS/Source/portable/MemMang/heap_4.o

.debug_line     0x00000000    0x14741
 .debug_line    0x00000000      0x802 ./Core/Src/freertos.o
 .debug_line    0x00000802      0xe26 ./Core/Src/main.o
 .debug_line    0x00001628      0x852 ./Core/Src/stm32f1xx_hal_msp.o
 .debug_line    0x00001e7a      0x781 ./Core/Src/stm32f1xx_hal_timebase_tim.o
 .debug_line    0x000025fb      0x7b9 ./Core/Src/stm32f1xx_it.o
 .debug_line    0x00002db4      0x583 ./Core/Src/sysmem.o
 .debug_line    0x00003337      0x783 ./Core/Src/system_stm32f1xx.o
 .debug_line    0x00003aba       0x78 ./Core/Startup/startup_stm32f103rbtx.o
 .debug_line    0x00003b32      0x9b0 ./Drivers/STM32F1xx_HAL_Driver/Src/stm32f1xx_hal.o
 .debug_line    0x000044e2      0xb9c ./Drivers/STM32F1xx_HAL_Driver/Src/stm32f1xx_hal_cortex.o
 .debug_line    0x0000507e      0xe09 ./Drivers/STM32F1xx_HAL_Driver/Src/stm32f1xx_hal_dma.o
 .debug_line    0x00005e87      0xa49 ./Drivers/STM32F1xx_HAL_Driver/Src/stm32f1xx_hal_gpio.o
 .debug_line    0x000068d0      0xdb9 ./Drivers/STM32F1xx_HAL_Driver/Src/stm32f1xx_hal_rcc.o
 .debug_line    0x00007689     0x34d5 ./Drivers/STM32F1xx_HAL_Driver/Src/stm32f1xx_hal_tim.o
 .debug_line    0x0000ab5e     0x18ff ./Drivers/STM32F1xx_HAL_Driver/Src/stm32f1xx_hal_tim_ex.o
 .debug_line    0x0000c45d     0x288f ./Drivers/STM32F1xx_HAL_Driver/Src/stm32f1xx_hal_uart.o
 .debug_line    0x0000ecec     0x1265 ./Middlewares/Third_Party/FreeRTOS/Source/CMSIS_RTOS/cmsis_os.o
 .debug_line    0x0000ff51      0x795 ./Middlewares/Third_Party/FreeRTOS/Source/list.o
 .debug_line    0x000106e6     0x1516 ./Middlewares/Third_Party/FreeRTOS/Source/queue.o
 .debug_line    0x00011bfc     0x19ac ./Middlewares/Third_Party/FreeRTOS/Source/tasks.o
 .debug_line    0x000135a8      0x7da ./Middlewares/Third_Party/FreeRTOS/Source/portable/GCC/ARM_CM3/port.o
 .debug_line    0x00013d82      0x9bf ./Middlewares/Third_Party/FreeRTOS/Source/portable/MemMang/heap_4.o

.debug_str      0x00000000    0x934f8
 .debug_str     0x00000000    0x8721f ./Core/Src/freertos.o
                              0x8758b (size before relaxing)
 .debug_str     0x0008721f     0x6b44 ./Core/Src/main.o
                              0x8e17d (size before relaxing)
 .debug_str     0x0008dd63      0x3ad ./Core/Src/stm32f1xx_hal_msp.o
                              0x841f2 (size before relaxing)
 .debug_str     0x0008e110       0xf5 ./Core/Src/stm32f1xx_hal_timebase_tim.o
                              0x83fda (size before relaxing)
 .debug_str     0x0008e205       0xdb ./Core/Src/stm32f1xx_it.o
                              0x83e06 (size before relaxing)
 .debug_str     0x0008e2e0      0x35c ./Core/Src/sysmem.o
                               0x6070 (size before relaxing)
 .debug_str     0x0008e63c       0x7e ./Core/Src/system_stm32f1xx.o
                              0x83712 (size before relaxing)
 .debug_str     0x0008e6ba       0x44 ./Core/Startup/startup_stm32f103rbtx.o