../Core/Src/main.c:55:6:setServoAngle	24	static
../Core/Src/main.c:66:6:setMotorSpeed	24	static
../Core/Src/main.c:92:5:main	80	static
../Core/Src/main.c:178:6:SystemClock_Config	72	static
../Core/Src/main.c:218:13:MX_TIM1_Init	96	static
../Core/Src/main.c:294:13:MX_TIM2_Init	64	static
../Core/Src/main.c:358:13:MX_TIM3_Init	56	static
../Core/Src/main.c:404:13:MX_USART2_UART_Init	8	static
../Core/Src/main.c:434:13:MX_GPIO_Init	40	static
../Core/Src/main.c:470:6:StartDefaultTask	16	static
../Core/Src/main.c:524:6:HAL_UART_RxCpltCallback	16	static
../Core/Src/main.c:549:6:StartTask02	48	static
../Core/Src/main.c:599:6:HAL_TIM_PeriodElapsedCallback	16	static
../Core/Src/main.c:616:6:Error_Handler	4	static
